ARM GAS  C:\Users\Jared\AppData\Local\Temp\cc850TPn.s 			page 1


   1              		.cpu cortex-m0
   2              		.fpu softvfp
   3              		.eabi_attribute 20, 1
   4              		.eabi_attribute 21, 1
   5              		.eabi_attribute 23, 3
   6              		.eabi_attribute 24, 1
   7              		.eabi_attribute 25, 1
   8              		.eabi_attribute 26, 1
   9              		.eabi_attribute 30, 6
  10              		.eabi_attribute 34, 0
  11              		.eabi_attribute 18, 4
  12              		.code	16
  13              		.file	"ISR_UART_Rx.c"
  14              		.text
  15              	.Ltext0:
  16              		.cfi_sections	.debug_frame
  17              		.section	.text.ISR_UART_Rx_Start,"ax",%progbits
  18              		.align	2
  19              		.global	ISR_UART_Rx_Start
  20              		.code	16
  21              		.thumb_func
  22              		.type	ISR_UART_Rx_Start, %function
  23              	ISR_UART_Rx_Start:
  24              	.LFB0:
  25              		.file 1 ".\\Generated_Source\\PSoC4\\ISR_UART_Rx.c"
   1:.\Generated_Source\PSoC4/ISR_UART_Rx.c **** /*******************************************************************************
   2:.\Generated_Source\PSoC4/ISR_UART_Rx.c **** * File Name: ISR_UART_Rx.c  
   3:.\Generated_Source\PSoC4/ISR_UART_Rx.c **** * Version 1.70
   4:.\Generated_Source\PSoC4/ISR_UART_Rx.c **** *
   5:.\Generated_Source\PSoC4/ISR_UART_Rx.c **** *  Description:
   6:.\Generated_Source\PSoC4/ISR_UART_Rx.c **** *   API for controlling the state of an interrupt.
   7:.\Generated_Source\PSoC4/ISR_UART_Rx.c **** *
   8:.\Generated_Source\PSoC4/ISR_UART_Rx.c **** *
   9:.\Generated_Source\PSoC4/ISR_UART_Rx.c **** *  Note:
  10:.\Generated_Source\PSoC4/ISR_UART_Rx.c **** *
  11:.\Generated_Source\PSoC4/ISR_UART_Rx.c **** ********************************************************************************
  12:.\Generated_Source\PSoC4/ISR_UART_Rx.c **** * Copyright 2008-2012, Cypress Semiconductor Corporation.  All rights reserved.
  13:.\Generated_Source\PSoC4/ISR_UART_Rx.c **** * You may use this file only in accordance with the license, terms, conditions, 
  14:.\Generated_Source\PSoC4/ISR_UART_Rx.c **** * disclaimers, and limitations in the end user license agreement accompanying 
  15:.\Generated_Source\PSoC4/ISR_UART_Rx.c **** * the software package with which this file was provided.
  16:.\Generated_Source\PSoC4/ISR_UART_Rx.c **** *******************************************************************************/
  17:.\Generated_Source\PSoC4/ISR_UART_Rx.c **** 
  18:.\Generated_Source\PSoC4/ISR_UART_Rx.c **** 
  19:.\Generated_Source\PSoC4/ISR_UART_Rx.c **** #include <cydevice_trm.h>
  20:.\Generated_Source\PSoC4/ISR_UART_Rx.c **** #include <CyLib.h>
  21:.\Generated_Source\PSoC4/ISR_UART_Rx.c **** #include <ISR_UART_Rx.h>
  22:.\Generated_Source\PSoC4/ISR_UART_Rx.c **** 
  23:.\Generated_Source\PSoC4/ISR_UART_Rx.c **** #if !defined(ISR_UART_Rx__REMOVED) /* Check for removal by optimization */
  24:.\Generated_Source\PSoC4/ISR_UART_Rx.c **** 
  25:.\Generated_Source\PSoC4/ISR_UART_Rx.c **** /*******************************************************************************
  26:.\Generated_Source\PSoC4/ISR_UART_Rx.c **** *  Place your includes, defines and code here 
  27:.\Generated_Source\PSoC4/ISR_UART_Rx.c **** ********************************************************************************/
  28:.\Generated_Source\PSoC4/ISR_UART_Rx.c **** /* `#START ISR_UART_Rx_intc` */
  29:.\Generated_Source\PSoC4/ISR_UART_Rx.c **** 
  30:.\Generated_Source\PSoC4/ISR_UART_Rx.c **** extern volatile uint16_t sys_events;
  31:.\Generated_Source\PSoC4/ISR_UART_Rx.c **** /* `#END` */
  32:.\Generated_Source\PSoC4/ISR_UART_Rx.c **** 
ARM GAS  C:\Users\Jared\AppData\Local\Temp\cc850TPn.s 			page 2


  33:.\Generated_Source\PSoC4/ISR_UART_Rx.c **** extern cyisraddress CyRamVectors[CYINT_IRQ_BASE + CY_NUM_INTERRUPTS];
  34:.\Generated_Source\PSoC4/ISR_UART_Rx.c **** 
  35:.\Generated_Source\PSoC4/ISR_UART_Rx.c **** /* Declared in startup, used to set unused interrupts to. */
  36:.\Generated_Source\PSoC4/ISR_UART_Rx.c **** CY_ISR_PROTO(IntDefaultHandler);
  37:.\Generated_Source\PSoC4/ISR_UART_Rx.c **** 
  38:.\Generated_Source\PSoC4/ISR_UART_Rx.c **** 
  39:.\Generated_Source\PSoC4/ISR_UART_Rx.c **** /*******************************************************************************
  40:.\Generated_Source\PSoC4/ISR_UART_Rx.c **** * Function Name: ISR_UART_Rx_Start
  41:.\Generated_Source\PSoC4/ISR_UART_Rx.c **** ********************************************************************************
  42:.\Generated_Source\PSoC4/ISR_UART_Rx.c **** *
  43:.\Generated_Source\PSoC4/ISR_UART_Rx.c **** * Summary:
  44:.\Generated_Source\PSoC4/ISR_UART_Rx.c **** *  Set up the interrupt and enable it.
  45:.\Generated_Source\PSoC4/ISR_UART_Rx.c **** *
  46:.\Generated_Source\PSoC4/ISR_UART_Rx.c **** * Parameters:  
  47:.\Generated_Source\PSoC4/ISR_UART_Rx.c **** *   None
  48:.\Generated_Source\PSoC4/ISR_UART_Rx.c **** *
  49:.\Generated_Source\PSoC4/ISR_UART_Rx.c **** * Return:
  50:.\Generated_Source\PSoC4/ISR_UART_Rx.c **** *   None
  51:.\Generated_Source\PSoC4/ISR_UART_Rx.c **** *
  52:.\Generated_Source\PSoC4/ISR_UART_Rx.c **** *******************************************************************************/
  53:.\Generated_Source\PSoC4/ISR_UART_Rx.c **** void ISR_UART_Rx_Start(void)
  54:.\Generated_Source\PSoC4/ISR_UART_Rx.c **** {
  26              		.loc 1 54 0
  27              		.cfi_startproc
  28 0000 80B5     		push	{r7, lr}
  29              	.LCFI0:
  30              		.cfi_def_cfa_offset 8
  31              		.cfi_offset 7, -8
  32              		.cfi_offset 14, -4
  33 0002 00AF     		add	r7, sp, #0
  34              	.LCFI1:
  35              		.cfi_def_cfa_register 7
  55:.\Generated_Source\PSoC4/ISR_UART_Rx.c ****     /* For all we know the interrupt is active. */
  56:.\Generated_Source\PSoC4/ISR_UART_Rx.c ****     ISR_UART_Rx_Disable();
  36              		.loc 1 56 0
  37 0004 FFF7FEFF 		bl	ISR_UART_Rx_Disable
  57:.\Generated_Source\PSoC4/ISR_UART_Rx.c **** 
  58:.\Generated_Source\PSoC4/ISR_UART_Rx.c ****     /* Set the ISR to point to the ISR_UART_Rx Interrupt. */
  59:.\Generated_Source\PSoC4/ISR_UART_Rx.c ****     ISR_UART_Rx_SetVector(&ISR_UART_Rx_Interrupt);
  38              		.loc 1 59 0
  39 0008 054B     		ldr	r3, .L2
  40 000a 181C     		mov	r0, r3
  41 000c FFF7FEFF 		bl	ISR_UART_Rx_SetVector
  60:.\Generated_Source\PSoC4/ISR_UART_Rx.c **** 
  61:.\Generated_Source\PSoC4/ISR_UART_Rx.c ****     /* Set the priority. */
  62:.\Generated_Source\PSoC4/ISR_UART_Rx.c ****     ISR_UART_Rx_SetPriority((uint8)ISR_UART_Rx_INTC_PRIOR_NUMBER);
  42              		.loc 1 62 0
  43 0010 0320     		mov	r0, #3
  44 0012 FFF7FEFF 		bl	ISR_UART_Rx_SetPriority
  63:.\Generated_Source\PSoC4/ISR_UART_Rx.c **** 
  64:.\Generated_Source\PSoC4/ISR_UART_Rx.c ****     /* Enable it. */
  65:.\Generated_Source\PSoC4/ISR_UART_Rx.c ****     ISR_UART_Rx_Enable();
  45              		.loc 1 65 0
  46 0016 FFF7FEFF 		bl	ISR_UART_Rx_Enable
  66:.\Generated_Source\PSoC4/ISR_UART_Rx.c **** }
  47              		.loc 1 66 0
  48 001a BD46     		mov	sp, r7
ARM GAS  C:\Users\Jared\AppData\Local\Temp\cc850TPn.s 			page 3


  49              		@ sp needed for prologue
  50 001c 80BD     		pop	{r7, pc}
  51              	.L3:
  52 001e C046     		.align	2
  53              	.L2:
  54 0020 00000000 		.word	ISR_UART_Rx_Interrupt
  55              		.cfi_endproc
  56              	.LFE0:
  57              		.size	ISR_UART_Rx_Start, .-ISR_UART_Rx_Start
  58              		.section	.text.ISR_UART_Rx_StartEx,"ax",%progbits
  59              		.align	2
  60              		.global	ISR_UART_Rx_StartEx
  61              		.code	16
  62              		.thumb_func
  63              		.type	ISR_UART_Rx_StartEx, %function
  64              	ISR_UART_Rx_StartEx:
  65              	.LFB1:
  67:.\Generated_Source\PSoC4/ISR_UART_Rx.c **** 
  68:.\Generated_Source\PSoC4/ISR_UART_Rx.c **** 
  69:.\Generated_Source\PSoC4/ISR_UART_Rx.c **** /*******************************************************************************
  70:.\Generated_Source\PSoC4/ISR_UART_Rx.c **** * Function Name: ISR_UART_Rx_StartEx
  71:.\Generated_Source\PSoC4/ISR_UART_Rx.c **** ********************************************************************************
  72:.\Generated_Source\PSoC4/ISR_UART_Rx.c **** *
  73:.\Generated_Source\PSoC4/ISR_UART_Rx.c **** * Summary:
  74:.\Generated_Source\PSoC4/ISR_UART_Rx.c **** *  Set up the interrupt and enable it.
  75:.\Generated_Source\PSoC4/ISR_UART_Rx.c **** *
  76:.\Generated_Source\PSoC4/ISR_UART_Rx.c **** * Parameters:  
  77:.\Generated_Source\PSoC4/ISR_UART_Rx.c **** *   address: Address of the ISR to set in the interrupt vector table.
  78:.\Generated_Source\PSoC4/ISR_UART_Rx.c **** *
  79:.\Generated_Source\PSoC4/ISR_UART_Rx.c **** * Return:
  80:.\Generated_Source\PSoC4/ISR_UART_Rx.c **** *   None
  81:.\Generated_Source\PSoC4/ISR_UART_Rx.c **** *
  82:.\Generated_Source\PSoC4/ISR_UART_Rx.c **** *******************************************************************************/
  83:.\Generated_Source\PSoC4/ISR_UART_Rx.c **** void ISR_UART_Rx_StartEx(cyisraddress address)
  84:.\Generated_Source\PSoC4/ISR_UART_Rx.c **** {
  66              		.loc 1 84 0
  67              		.cfi_startproc
  68 0000 80B5     		push	{r7, lr}
  69              	.LCFI2:
  70              		.cfi_def_cfa_offset 8
  71              		.cfi_offset 7, -8
  72              		.cfi_offset 14, -4
  73 0002 82B0     		sub	sp, sp, #8
  74              	.LCFI3:
  75              		.cfi_def_cfa_offset 16
  76 0004 00AF     		add	r7, sp, #0
  77              	.LCFI4:
  78              		.cfi_def_cfa_register 7
  79 0006 7860     		str	r0, [r7, #4]
  85:.\Generated_Source\PSoC4/ISR_UART_Rx.c ****     /* For all we know the interrupt is active. */
  86:.\Generated_Source\PSoC4/ISR_UART_Rx.c ****     ISR_UART_Rx_Disable();
  80              		.loc 1 86 0
  81 0008 FFF7FEFF 		bl	ISR_UART_Rx_Disable
  87:.\Generated_Source\PSoC4/ISR_UART_Rx.c **** 
  88:.\Generated_Source\PSoC4/ISR_UART_Rx.c ****     /* Set the ISR to point to the ISR_UART_Rx Interrupt. */
  89:.\Generated_Source\PSoC4/ISR_UART_Rx.c ****     ISR_UART_Rx_SetVector(address);
  82              		.loc 1 89 0
ARM GAS  C:\Users\Jared\AppData\Local\Temp\cc850TPn.s 			page 4


  83 000c 7B68     		ldr	r3, [r7, #4]
  84 000e 181C     		mov	r0, r3
  85 0010 FFF7FEFF 		bl	ISR_UART_Rx_SetVector
  90:.\Generated_Source\PSoC4/ISR_UART_Rx.c **** 
  91:.\Generated_Source\PSoC4/ISR_UART_Rx.c ****     /* Set the priority. */
  92:.\Generated_Source\PSoC4/ISR_UART_Rx.c ****     ISR_UART_Rx_SetPriority((uint8)ISR_UART_Rx_INTC_PRIOR_NUMBER);
  86              		.loc 1 92 0
  87 0014 0320     		mov	r0, #3
  88 0016 FFF7FEFF 		bl	ISR_UART_Rx_SetPriority
  93:.\Generated_Source\PSoC4/ISR_UART_Rx.c **** 
  94:.\Generated_Source\PSoC4/ISR_UART_Rx.c ****     /* Enable it. */
  95:.\Generated_Source\PSoC4/ISR_UART_Rx.c ****     ISR_UART_Rx_Enable();
  89              		.loc 1 95 0
  90 001a FFF7FEFF 		bl	ISR_UART_Rx_Enable
  96:.\Generated_Source\PSoC4/ISR_UART_Rx.c **** }
  91              		.loc 1 96 0
  92 001e BD46     		mov	sp, r7
  93 0020 02B0     		add	sp, sp, #8
  94              		@ sp needed for prologue
  95 0022 80BD     		pop	{r7, pc}
  96              		.cfi_endproc
  97              	.LFE1:
  98              		.size	ISR_UART_Rx_StartEx, .-ISR_UART_Rx_StartEx
  99              		.section	.text.ISR_UART_Rx_Stop,"ax",%progbits
 100              		.align	2
 101              		.global	ISR_UART_Rx_Stop
 102              		.code	16
 103              		.thumb_func
 104              		.type	ISR_UART_Rx_Stop, %function
 105              	ISR_UART_Rx_Stop:
 106              	.LFB2:
  97:.\Generated_Source\PSoC4/ISR_UART_Rx.c **** 
  98:.\Generated_Source\PSoC4/ISR_UART_Rx.c **** 
  99:.\Generated_Source\PSoC4/ISR_UART_Rx.c **** /*******************************************************************************
 100:.\Generated_Source\PSoC4/ISR_UART_Rx.c **** * Function Name: ISR_UART_Rx_Stop
 101:.\Generated_Source\PSoC4/ISR_UART_Rx.c **** ********************************************************************************
 102:.\Generated_Source\PSoC4/ISR_UART_Rx.c **** *
 103:.\Generated_Source\PSoC4/ISR_UART_Rx.c **** * Summary:
 104:.\Generated_Source\PSoC4/ISR_UART_Rx.c **** *   Disables and removes the interrupt.
 105:.\Generated_Source\PSoC4/ISR_UART_Rx.c **** *
 106:.\Generated_Source\PSoC4/ISR_UART_Rx.c **** * Parameters:  
 107:.\Generated_Source\PSoC4/ISR_UART_Rx.c **** *
 108:.\Generated_Source\PSoC4/ISR_UART_Rx.c **** * Return:
 109:.\Generated_Source\PSoC4/ISR_UART_Rx.c **** *   None
 110:.\Generated_Source\PSoC4/ISR_UART_Rx.c **** *
 111:.\Generated_Source\PSoC4/ISR_UART_Rx.c **** *******************************************************************************/
 112:.\Generated_Source\PSoC4/ISR_UART_Rx.c **** void ISR_UART_Rx_Stop(void)
 113:.\Generated_Source\PSoC4/ISR_UART_Rx.c **** {
 107              		.loc 1 113 0
 108              		.cfi_startproc
 109 0000 80B5     		push	{r7, lr}
 110              	.LCFI5:
 111              		.cfi_def_cfa_offset 8
 112              		.cfi_offset 7, -8
 113              		.cfi_offset 14, -4
 114 0002 00AF     		add	r7, sp, #0
 115              	.LCFI6:
ARM GAS  C:\Users\Jared\AppData\Local\Temp\cc850TPn.s 			page 5


 116              		.cfi_def_cfa_register 7
 114:.\Generated_Source\PSoC4/ISR_UART_Rx.c ****     /* Disable this interrupt. */
 115:.\Generated_Source\PSoC4/ISR_UART_Rx.c ****     ISR_UART_Rx_Disable();
 117              		.loc 1 115 0
 118 0004 FFF7FEFF 		bl	ISR_UART_Rx_Disable
 116:.\Generated_Source\PSoC4/ISR_UART_Rx.c **** 
 117:.\Generated_Source\PSoC4/ISR_UART_Rx.c ****     /* Set the ISR to point to the passive one. */
 118:.\Generated_Source\PSoC4/ISR_UART_Rx.c ****     ISR_UART_Rx_SetVector(&IntDefaultHandler);
 119              		.loc 1 118 0
 120 0008 024B     		ldr	r3, .L6
 121 000a 181C     		mov	r0, r3
 122 000c FFF7FEFF 		bl	ISR_UART_Rx_SetVector
 119:.\Generated_Source\PSoC4/ISR_UART_Rx.c **** }
 123              		.loc 1 119 0
 124 0010 BD46     		mov	sp, r7
 125              		@ sp needed for prologue
 126 0012 80BD     		pop	{r7, pc}
 127              	.L7:
 128              		.align	2
 129              	.L6:
 130 0014 00000000 		.word	IntDefaultHandler
 131              		.cfi_endproc
 132              	.LFE2:
 133              		.size	ISR_UART_Rx_Stop, .-ISR_UART_Rx_Stop
 134              		.section	.text.ISR_UART_Rx_Interrupt,"ax",%progbits
 135              		.align	2
 136              		.global	ISR_UART_Rx_Interrupt
 137              		.code	16
 138              		.thumb_func
 139              		.type	ISR_UART_Rx_Interrupt, %function
 140              	ISR_UART_Rx_Interrupt:
 141              	.LFB3:
 120:.\Generated_Source\PSoC4/ISR_UART_Rx.c **** 
 121:.\Generated_Source\PSoC4/ISR_UART_Rx.c **** 
 122:.\Generated_Source\PSoC4/ISR_UART_Rx.c **** /*******************************************************************************
 123:.\Generated_Source\PSoC4/ISR_UART_Rx.c **** * Function Name: ISR_UART_Rx_Interrupt
 124:.\Generated_Source\PSoC4/ISR_UART_Rx.c **** ********************************************************************************
 125:.\Generated_Source\PSoC4/ISR_UART_Rx.c **** *
 126:.\Generated_Source\PSoC4/ISR_UART_Rx.c **** * Summary:
 127:.\Generated_Source\PSoC4/ISR_UART_Rx.c **** *   The default Interrupt Service Routine for ISR_UART_Rx.
 128:.\Generated_Source\PSoC4/ISR_UART_Rx.c **** *
 129:.\Generated_Source\PSoC4/ISR_UART_Rx.c **** *   Add custom code between the coments to keep the next version of this file
 130:.\Generated_Source\PSoC4/ISR_UART_Rx.c **** *   from over writting your code.
 131:.\Generated_Source\PSoC4/ISR_UART_Rx.c **** *
 132:.\Generated_Source\PSoC4/ISR_UART_Rx.c **** * Parameters:  
 133:.\Generated_Source\PSoC4/ISR_UART_Rx.c **** *   None
 134:.\Generated_Source\PSoC4/ISR_UART_Rx.c **** *
 135:.\Generated_Source\PSoC4/ISR_UART_Rx.c **** * Return:
 136:.\Generated_Source\PSoC4/ISR_UART_Rx.c **** *   None
 137:.\Generated_Source\PSoC4/ISR_UART_Rx.c **** *
 138:.\Generated_Source\PSoC4/ISR_UART_Rx.c **** *******************************************************************************/
 139:.\Generated_Source\PSoC4/ISR_UART_Rx.c **** CY_ISR(ISR_UART_Rx_Interrupt)
 140:.\Generated_Source\PSoC4/ISR_UART_Rx.c **** {
 142              		.loc 1 140 0
 143              		.cfi_startproc
 144 0000 80B5     		push	{r7, lr}
 145              	.LCFI7:
ARM GAS  C:\Users\Jared\AppData\Local\Temp\cc850TPn.s 			page 6


 146              		.cfi_def_cfa_offset 8
 147              		.cfi_offset 7, -8
 148              		.cfi_offset 14, -4
 149 0002 00AF     		add	r7, sp, #0
 150              	.LCFI8:
 151              		.cfi_def_cfa_register 7
 141:.\Generated_Source\PSoC4/ISR_UART_Rx.c ****     /*  Place your Interrupt code here. */
 142:.\Generated_Source\PSoC4/ISR_UART_Rx.c ****     /* `#START ISR_UART_Rx_Interrupt` */
 143:.\Generated_Source\PSoC4/ISR_UART_Rx.c ****     ISR_UART_Rx_ClearPending();
 152              		.loc 1 143 0
 153 0004 FFF7FEFF 		bl	ISR_UART_Rx_ClearPending
 144:.\Generated_Source\PSoC4/ISR_UART_Rx.c ****     
 145:.\Generated_Source\PSoC4/ISR_UART_Rx.c ****     /* `#END` */
 146:.\Generated_Source\PSoC4/ISR_UART_Rx.c **** }
 154              		.loc 1 146 0
 155 0008 BD46     		mov	sp, r7
 156              		@ sp needed for prologue
 157 000a 80BD     		pop	{r7, pc}
 158              		.cfi_endproc
 159              	.LFE3:
 160              		.size	ISR_UART_Rx_Interrupt, .-ISR_UART_Rx_Interrupt
 161              		.section	.text.ISR_UART_Rx_SetVector,"ax",%progbits
 162              		.align	2
 163              		.global	ISR_UART_Rx_SetVector
 164              		.code	16
 165              		.thumb_func
 166              		.type	ISR_UART_Rx_SetVector, %function
 167              	ISR_UART_Rx_SetVector:
 168              	.LFB4:
 147:.\Generated_Source\PSoC4/ISR_UART_Rx.c **** 
 148:.\Generated_Source\PSoC4/ISR_UART_Rx.c **** 
 149:.\Generated_Source\PSoC4/ISR_UART_Rx.c **** /*******************************************************************************
 150:.\Generated_Source\PSoC4/ISR_UART_Rx.c **** * Function Name: ISR_UART_Rx_SetVector
 151:.\Generated_Source\PSoC4/ISR_UART_Rx.c **** ********************************************************************************
 152:.\Generated_Source\PSoC4/ISR_UART_Rx.c **** *
 153:.\Generated_Source\PSoC4/ISR_UART_Rx.c **** * Summary:
 154:.\Generated_Source\PSoC4/ISR_UART_Rx.c **** *   Change the ISR vector for the Interrupt. Note calling ISR_UART_Rx_Start
 155:.\Generated_Source\PSoC4/ISR_UART_Rx.c **** *   will override any effect this method would have had. To set the vector 
 156:.\Generated_Source\PSoC4/ISR_UART_Rx.c **** *   before the component has been started use ISR_UART_Rx_StartEx instead.
 157:.\Generated_Source\PSoC4/ISR_UART_Rx.c **** *
 158:.\Generated_Source\PSoC4/ISR_UART_Rx.c **** * Parameters:
 159:.\Generated_Source\PSoC4/ISR_UART_Rx.c **** *   address: Address of the ISR to set in the interrupt vector table.
 160:.\Generated_Source\PSoC4/ISR_UART_Rx.c **** *
 161:.\Generated_Source\PSoC4/ISR_UART_Rx.c **** * Return:
 162:.\Generated_Source\PSoC4/ISR_UART_Rx.c **** *   None
 163:.\Generated_Source\PSoC4/ISR_UART_Rx.c **** *
 164:.\Generated_Source\PSoC4/ISR_UART_Rx.c **** *******************************************************************************/
 165:.\Generated_Source\PSoC4/ISR_UART_Rx.c **** void ISR_UART_Rx_SetVector(cyisraddress address)
 166:.\Generated_Source\PSoC4/ISR_UART_Rx.c **** {
 169              		.loc 1 166 0
 170              		.cfi_startproc
 171 0000 80B5     		push	{r7, lr}
 172              	.LCFI9:
 173              		.cfi_def_cfa_offset 8
 174              		.cfi_offset 7, -8
 175              		.cfi_offset 14, -4
 176 0002 82B0     		sub	sp, sp, #8
ARM GAS  C:\Users\Jared\AppData\Local\Temp\cc850TPn.s 			page 7


 177              	.LCFI10:
 178              		.cfi_def_cfa_offset 16
 179 0004 00AF     		add	r7, sp, #0
 180              	.LCFI11:
 181              		.cfi_def_cfa_register 7
 182 0006 7860     		str	r0, [r7, #4]
 167:.\Generated_Source\PSoC4/ISR_UART_Rx.c ****     CyRamVectors[CYINT_IRQ_BASE + ISR_UART_Rx__INTC_NUMBER] = address;
 183              		.loc 1 167 0
 184 0008 024B     		ldr	r3, .L10
 185 000a 7A68     		ldr	r2, [r7, #4]
 186 000c 9A66     		str	r2, [r3, #104]
 168:.\Generated_Source\PSoC4/ISR_UART_Rx.c **** }
 187              		.loc 1 168 0
 188 000e BD46     		mov	sp, r7
 189 0010 02B0     		add	sp, sp, #8
 190              		@ sp needed for prologue
 191 0012 80BD     		pop	{r7, pc}
 192              	.L11:
 193              		.align	2
 194              	.L10:
 195 0014 00000000 		.word	CyRamVectors
 196              		.cfi_endproc
 197              	.LFE4:
 198              		.size	ISR_UART_Rx_SetVector, .-ISR_UART_Rx_SetVector
 199              		.section	.text.ISR_UART_Rx_GetVector,"ax",%progbits
 200              		.align	2
 201              		.global	ISR_UART_Rx_GetVector
 202              		.code	16
 203              		.thumb_func
 204              		.type	ISR_UART_Rx_GetVector, %function
 205              	ISR_UART_Rx_GetVector:
 206              	.LFB5:
 169:.\Generated_Source\PSoC4/ISR_UART_Rx.c **** 
 170:.\Generated_Source\PSoC4/ISR_UART_Rx.c **** 
 171:.\Generated_Source\PSoC4/ISR_UART_Rx.c **** /*******************************************************************************
 172:.\Generated_Source\PSoC4/ISR_UART_Rx.c **** * Function Name: ISR_UART_Rx_GetVector
 173:.\Generated_Source\PSoC4/ISR_UART_Rx.c **** ********************************************************************************
 174:.\Generated_Source\PSoC4/ISR_UART_Rx.c **** *
 175:.\Generated_Source\PSoC4/ISR_UART_Rx.c **** * Summary:
 176:.\Generated_Source\PSoC4/ISR_UART_Rx.c **** *   Gets the "address" of the current ISR vector for the Interrupt.
 177:.\Generated_Source\PSoC4/ISR_UART_Rx.c **** *
 178:.\Generated_Source\PSoC4/ISR_UART_Rx.c **** * Parameters:
 179:.\Generated_Source\PSoC4/ISR_UART_Rx.c **** *   None
 180:.\Generated_Source\PSoC4/ISR_UART_Rx.c **** *
 181:.\Generated_Source\PSoC4/ISR_UART_Rx.c **** * Return:
 182:.\Generated_Source\PSoC4/ISR_UART_Rx.c **** *   Address of the ISR in the interrupt vector table.
 183:.\Generated_Source\PSoC4/ISR_UART_Rx.c **** *
 184:.\Generated_Source\PSoC4/ISR_UART_Rx.c **** *******************************************************************************/
 185:.\Generated_Source\PSoC4/ISR_UART_Rx.c **** cyisraddress ISR_UART_Rx_GetVector(void)
 186:.\Generated_Source\PSoC4/ISR_UART_Rx.c **** {
 207              		.loc 1 186 0
 208              		.cfi_startproc
 209 0000 80B5     		push	{r7, lr}
 210              	.LCFI12:
 211              		.cfi_def_cfa_offset 8
 212              		.cfi_offset 7, -8
 213              		.cfi_offset 14, -4
ARM GAS  C:\Users\Jared\AppData\Local\Temp\cc850TPn.s 			page 8


 214 0002 00AF     		add	r7, sp, #0
 215              	.LCFI13:
 216              		.cfi_def_cfa_register 7
 187:.\Generated_Source\PSoC4/ISR_UART_Rx.c ****     return CyRamVectors[CYINT_IRQ_BASE + ISR_UART_Rx__INTC_NUMBER];
 217              		.loc 1 187 0
 218 0004 024B     		ldr	r3, .L14
 219 0006 9B6E     		ldr	r3, [r3, #104]
 188:.\Generated_Source\PSoC4/ISR_UART_Rx.c **** }
 220              		.loc 1 188 0
 221 0008 181C     		mov	r0, r3
 222 000a BD46     		mov	sp, r7
 223              		@ sp needed for prologue
 224 000c 80BD     		pop	{r7, pc}
 225              	.L15:
 226 000e C046     		.align	2
 227              	.L14:
 228 0010 00000000 		.word	CyRamVectors
 229              		.cfi_endproc
 230              	.LFE5:
 231              		.size	ISR_UART_Rx_GetVector, .-ISR_UART_Rx_GetVector
 232              		.section	.text.ISR_UART_Rx_SetPriority,"ax",%progbits
 233              		.align	2
 234              		.global	ISR_UART_Rx_SetPriority
 235              		.code	16
 236              		.thumb_func
 237              		.type	ISR_UART_Rx_SetPriority, %function
 238              	ISR_UART_Rx_SetPriority:
 239              	.LFB6:
 189:.\Generated_Source\PSoC4/ISR_UART_Rx.c **** 
 190:.\Generated_Source\PSoC4/ISR_UART_Rx.c **** 
 191:.\Generated_Source\PSoC4/ISR_UART_Rx.c **** /*******************************************************************************
 192:.\Generated_Source\PSoC4/ISR_UART_Rx.c **** * Function Name: ISR_UART_Rx_SetPriority
 193:.\Generated_Source\PSoC4/ISR_UART_Rx.c **** ********************************************************************************
 194:.\Generated_Source\PSoC4/ISR_UART_Rx.c **** *
 195:.\Generated_Source\PSoC4/ISR_UART_Rx.c **** * Summary:
 196:.\Generated_Source\PSoC4/ISR_UART_Rx.c **** *   Sets the Priority of the Interrupt. Note calling ISR_UART_Rx_Start
 197:.\Generated_Source\PSoC4/ISR_UART_Rx.c **** *   or ISR_UART_Rx_StartEx will override any effect this method would 
 198:.\Generated_Source\PSoC4/ISR_UART_Rx.c **** *   have had. This method should only be called after ISR_UART_Rx_Start or 
 199:.\Generated_Source\PSoC4/ISR_UART_Rx.c **** *   ISR_UART_Rx_StartEx has been called. To set the initial
 200:.\Generated_Source\PSoC4/ISR_UART_Rx.c **** *   priority for the component use the cydwr file in the tool.
 201:.\Generated_Source\PSoC4/ISR_UART_Rx.c **** *
 202:.\Generated_Source\PSoC4/ISR_UART_Rx.c **** * Parameters:
 203:.\Generated_Source\PSoC4/ISR_UART_Rx.c **** *   priority: Priority of the interrupt. 0 - 3, 0 being the highest.
 204:.\Generated_Source\PSoC4/ISR_UART_Rx.c **** *
 205:.\Generated_Source\PSoC4/ISR_UART_Rx.c **** * Return:
 206:.\Generated_Source\PSoC4/ISR_UART_Rx.c **** *   None
 207:.\Generated_Source\PSoC4/ISR_UART_Rx.c **** *
 208:.\Generated_Source\PSoC4/ISR_UART_Rx.c **** *******************************************************************************/
 209:.\Generated_Source\PSoC4/ISR_UART_Rx.c **** void ISR_UART_Rx_SetPriority(uint8 priority)
 210:.\Generated_Source\PSoC4/ISR_UART_Rx.c **** {
 240              		.loc 1 210 0
 241              		.cfi_startproc
 242 0000 90B5     		push	{r4, r7, lr}
 243              	.LCFI14:
 244              		.cfi_def_cfa_offset 12
 245              		.cfi_offset 4, -12
 246              		.cfi_offset 7, -8
ARM GAS  C:\Users\Jared\AppData\Local\Temp\cc850TPn.s 			page 9


 247              		.cfi_offset 14, -4
 248 0002 85B0     		sub	sp, sp, #20
 249              	.LCFI15:
 250              		.cfi_def_cfa_offset 32
 251 0004 00AF     		add	r7, sp, #0
 252              	.LCFI16:
 253              		.cfi_def_cfa_register 7
 254 0006 021C     		mov	r2, r0
 255 0008 FB1D     		add	r3, r7, #7
 256 000a 1A70     		strb	r2, [r3]
 211:.\Generated_Source\PSoC4/ISR_UART_Rx.c **** 	uint8 interruptState;
 212:.\Generated_Source\PSoC4/ISR_UART_Rx.c ****     uint32 priorityOffset = ((ISR_UART_Rx__INTC_NUMBER % 4u) * 8u) + 6u;
 257              		.loc 1 212 0
 258 000c 1623     		mov	r3, #22
 259 000e FB60     		str	r3, [r7, #12]
 213:.\Generated_Source\PSoC4/ISR_UART_Rx.c ****     
 214:.\Generated_Source\PSoC4/ISR_UART_Rx.c **** 	interruptState = CyEnterCriticalSection();
 260              		.loc 1 214 0
 261 0010 3C1C     		mov	r4, r7
 262 0012 0B34     		add	r4, r4, #11
 263 0014 FFF7FEFF 		bl	CyEnterCriticalSection
 264 0018 031C     		mov	r3, r0
 265 001a 2370     		strb	r3, [r4]
 215:.\Generated_Source\PSoC4/ISR_UART_Rx.c ****     *ISR_UART_Rx_INTC_PRIOR = (*ISR_UART_Rx_INTC_PRIOR & (uint32)(~ISR_UART_Rx__INTC_PRIOR_MASK)) |
 266              		.loc 1 215 0
 267 001c 0A4B     		ldr	r3, .L17
 268 001e 0A4A     		ldr	r2, .L17
 269 0020 1168     		ldr	r1, [r2]
 270 0022 0A4A     		ldr	r2, .L17+4
 271 0024 1140     		and	r1, r2
 216:.\Generated_Source\PSoC4/ISR_UART_Rx.c ****                                     ((uint32)priority << priorityOffset);
 272              		.loc 1 216 0
 273 0026 FA1D     		add	r2, r7, #7
 274 0028 1078     		ldrb	r0, [r2]
 275 002a FA68     		ldr	r2, [r7, #12]
 276 002c 041C     		mov	r4, r0
 277 002e 9440     		lsl	r4, r4, r2
 278 0030 221C     		mov	r2, r4
 215:.\Generated_Source\PSoC4/ISR_UART_Rx.c ****     *ISR_UART_Rx_INTC_PRIOR = (*ISR_UART_Rx_INTC_PRIOR & (uint32)(~ISR_UART_Rx__INTC_PRIOR_MASK)) |
 279              		.loc 1 215 0
 280 0032 0A43     		orr	r2, r1
 281 0034 1A60     		str	r2, [r3]
 217:.\Generated_Source\PSoC4/ISR_UART_Rx.c **** 	CyExitCriticalSection(interruptState);
 282              		.loc 1 217 0
 283 0036 3B1C     		mov	r3, r7
 284 0038 0B33     		add	r3, r3, #11
 285 003a 1B78     		ldrb	r3, [r3]
 286 003c 181C     		mov	r0, r3
 287 003e FFF7FEFF 		bl	CyExitCriticalSection
 218:.\Generated_Source\PSoC4/ISR_UART_Rx.c **** }
 288              		.loc 1 218 0
 289 0042 BD46     		mov	sp, r7
 290 0044 05B0     		add	sp, sp, #20
 291              		@ sp needed for prologue
 292 0046 90BD     		pop	{r4, r7, pc}
 293              	.L18:
 294              		.align	2
ARM GAS  C:\Users\Jared\AppData\Local\Temp\cc850TPn.s 			page 10


 295              	.L17:
 296 0048 08E400E0 		.word	-536812536
 297 004c FFFF3FFF 		.word	-12582913
 298              		.cfi_endproc
 299              	.LFE6:
 300              		.size	ISR_UART_Rx_SetPriority, .-ISR_UART_Rx_SetPriority
 301              		.section	.text.ISR_UART_Rx_GetPriority,"ax",%progbits
 302              		.align	2
 303              		.global	ISR_UART_Rx_GetPriority
 304              		.code	16
 305              		.thumb_func
 306              		.type	ISR_UART_Rx_GetPriority, %function
 307              	ISR_UART_Rx_GetPriority:
 308              	.LFB7:
 219:.\Generated_Source\PSoC4/ISR_UART_Rx.c **** 
 220:.\Generated_Source\PSoC4/ISR_UART_Rx.c **** 
 221:.\Generated_Source\PSoC4/ISR_UART_Rx.c **** /*******************************************************************************
 222:.\Generated_Source\PSoC4/ISR_UART_Rx.c **** * Function Name: ISR_UART_Rx_GetPriority
 223:.\Generated_Source\PSoC4/ISR_UART_Rx.c **** ********************************************************************************
 224:.\Generated_Source\PSoC4/ISR_UART_Rx.c **** *
 225:.\Generated_Source\PSoC4/ISR_UART_Rx.c **** * Summary:
 226:.\Generated_Source\PSoC4/ISR_UART_Rx.c **** *   Gets the Priority of the Interrupt.
 227:.\Generated_Source\PSoC4/ISR_UART_Rx.c **** *
 228:.\Generated_Source\PSoC4/ISR_UART_Rx.c **** * Parameters:
 229:.\Generated_Source\PSoC4/ISR_UART_Rx.c **** *   None
 230:.\Generated_Source\PSoC4/ISR_UART_Rx.c **** *
 231:.\Generated_Source\PSoC4/ISR_UART_Rx.c **** * Return:
 232:.\Generated_Source\PSoC4/ISR_UART_Rx.c **** *   Priority of the interrupt. 0 - 3, 0 being the highest.
 233:.\Generated_Source\PSoC4/ISR_UART_Rx.c **** *
 234:.\Generated_Source\PSoC4/ISR_UART_Rx.c **** *******************************************************************************/
 235:.\Generated_Source\PSoC4/ISR_UART_Rx.c **** uint8 ISR_UART_Rx_GetPriority(void)
 236:.\Generated_Source\PSoC4/ISR_UART_Rx.c **** {
 309              		.loc 1 236 0
 310              		.cfi_startproc
 311 0000 80B5     		push	{r7, lr}
 312              	.LCFI17:
 313              		.cfi_def_cfa_offset 8
 314              		.cfi_offset 7, -8
 315              		.cfi_offset 14, -4
 316 0002 82B0     		sub	sp, sp, #8
 317              	.LCFI18:
 318              		.cfi_def_cfa_offset 16
 319 0004 00AF     		add	r7, sp, #0
 320              	.LCFI19:
 321              		.cfi_def_cfa_register 7
 237:.\Generated_Source\PSoC4/ISR_UART_Rx.c ****     uint32 priority;
 238:.\Generated_Source\PSoC4/ISR_UART_Rx.c **** 	uint32 priorityOffset = ((ISR_UART_Rx__INTC_NUMBER % 4u) * 8u) + 6u;
 322              		.loc 1 238 0
 323 0006 1623     		mov	r3, #22
 324 0008 7B60     		str	r3, [r7, #4]
 239:.\Generated_Source\PSoC4/ISR_UART_Rx.c **** 
 240:.\Generated_Source\PSoC4/ISR_UART_Rx.c ****     priority = (*ISR_UART_Rx_INTC_PRIOR & ISR_UART_Rx__INTC_PRIOR_MASK) >> priorityOffset;
 325              		.loc 1 240 0
 326 000a 084B     		ldr	r3, .L21
 327 000c 1A68     		ldr	r2, [r3]
 328 000e C023     		mov	r3, #192
 329 0010 1B04     		lsl	r3, r3, #16
ARM GAS  C:\Users\Jared\AppData\Local\Temp\cc850TPn.s 			page 11


 330 0012 1A40     		and	r2, r3
 331 0014 7B68     		ldr	r3, [r7, #4]
 332 0016 111C     		mov	r1, r2
 333 0018 D940     		lsr	r1, r1, r3
 334 001a 0B1C     		mov	r3, r1
 335 001c 3B60     		str	r3, [r7]
 241:.\Generated_Source\PSoC4/ISR_UART_Rx.c **** 
 242:.\Generated_Source\PSoC4/ISR_UART_Rx.c ****     return (uint8)priority;
 336              		.loc 1 242 0
 337 001e 3B68     		ldr	r3, [r7]
 338 0020 DBB2     		uxtb	r3, r3
 243:.\Generated_Source\PSoC4/ISR_UART_Rx.c **** }
 339              		.loc 1 243 0
 340 0022 181C     		mov	r0, r3
 341 0024 BD46     		mov	sp, r7
 342 0026 02B0     		add	sp, sp, #8
 343              		@ sp needed for prologue
 344 0028 80BD     		pop	{r7, pc}
 345              	.L22:
 346 002a C046     		.align	2
 347              	.L21:
 348 002c 08E400E0 		.word	-536812536
 349              		.cfi_endproc
 350              	.LFE7:
 351              		.size	ISR_UART_Rx_GetPriority, .-ISR_UART_Rx_GetPriority
 352              		.section	.text.ISR_UART_Rx_Enable,"ax",%progbits
 353              		.align	2
 354              		.global	ISR_UART_Rx_Enable
 355              		.code	16
 356              		.thumb_func
 357              		.type	ISR_UART_Rx_Enable, %function
 358              	ISR_UART_Rx_Enable:
 359              	.LFB8:
 244:.\Generated_Source\PSoC4/ISR_UART_Rx.c **** 
 245:.\Generated_Source\PSoC4/ISR_UART_Rx.c **** 
 246:.\Generated_Source\PSoC4/ISR_UART_Rx.c **** /*******************************************************************************
 247:.\Generated_Source\PSoC4/ISR_UART_Rx.c **** * Function Name: ISR_UART_Rx_Enable
 248:.\Generated_Source\PSoC4/ISR_UART_Rx.c **** ********************************************************************************
 249:.\Generated_Source\PSoC4/ISR_UART_Rx.c **** *
 250:.\Generated_Source\PSoC4/ISR_UART_Rx.c **** * Summary:
 251:.\Generated_Source\PSoC4/ISR_UART_Rx.c **** *   Enables the interrupt.
 252:.\Generated_Source\PSoC4/ISR_UART_Rx.c **** *
 253:.\Generated_Source\PSoC4/ISR_UART_Rx.c **** * Parameters:
 254:.\Generated_Source\PSoC4/ISR_UART_Rx.c **** *   None
 255:.\Generated_Source\PSoC4/ISR_UART_Rx.c **** *
 256:.\Generated_Source\PSoC4/ISR_UART_Rx.c **** * Return:
 257:.\Generated_Source\PSoC4/ISR_UART_Rx.c **** *   None
 258:.\Generated_Source\PSoC4/ISR_UART_Rx.c **** *
 259:.\Generated_Source\PSoC4/ISR_UART_Rx.c **** *******************************************************************************/
 260:.\Generated_Source\PSoC4/ISR_UART_Rx.c **** void ISR_UART_Rx_Enable(void)
 261:.\Generated_Source\PSoC4/ISR_UART_Rx.c **** {
 360              		.loc 1 261 0
 361              		.cfi_startproc
 362 0000 80B5     		push	{r7, lr}
 363              	.LCFI20:
 364              		.cfi_def_cfa_offset 8
 365              		.cfi_offset 7, -8
ARM GAS  C:\Users\Jared\AppData\Local\Temp\cc850TPn.s 			page 12


 366              		.cfi_offset 14, -4
 367 0002 00AF     		add	r7, sp, #0
 368              	.LCFI21:
 369              		.cfi_def_cfa_register 7
 262:.\Generated_Source\PSoC4/ISR_UART_Rx.c ****     /* Enable the general interrupt. */
 263:.\Generated_Source\PSoC4/ISR_UART_Rx.c ****     *ISR_UART_Rx_INTC_SET_EN = ISR_UART_Rx__INTC_MASK;
 370              		.loc 1 263 0
 371 0004 024B     		ldr	r3, .L24
 372 0006 8022     		mov	r2, #128
 373 0008 D200     		lsl	r2, r2, #3
 374 000a 1A60     		str	r2, [r3]
 264:.\Generated_Source\PSoC4/ISR_UART_Rx.c **** }
 375              		.loc 1 264 0
 376 000c BD46     		mov	sp, r7
 377              		@ sp needed for prologue
 378 000e 80BD     		pop	{r7, pc}
 379              	.L25:
 380              		.align	2
 381              	.L24:
 382 0010 00E100E0 		.word	-536813312
 383              		.cfi_endproc
 384              	.LFE8:
 385              		.size	ISR_UART_Rx_Enable, .-ISR_UART_Rx_Enable
 386              		.section	.text.ISR_UART_Rx_GetState,"ax",%progbits
 387              		.align	2
 388              		.global	ISR_UART_Rx_GetState
 389              		.code	16
 390              		.thumb_func
 391              		.type	ISR_UART_Rx_GetState, %function
 392              	ISR_UART_Rx_GetState:
 393              	.LFB9:
 265:.\Generated_Source\PSoC4/ISR_UART_Rx.c **** 
 266:.\Generated_Source\PSoC4/ISR_UART_Rx.c **** 
 267:.\Generated_Source\PSoC4/ISR_UART_Rx.c **** /*******************************************************************************
 268:.\Generated_Source\PSoC4/ISR_UART_Rx.c **** * Function Name: ISR_UART_Rx_GetState
 269:.\Generated_Source\PSoC4/ISR_UART_Rx.c **** ********************************************************************************
 270:.\Generated_Source\PSoC4/ISR_UART_Rx.c **** *
 271:.\Generated_Source\PSoC4/ISR_UART_Rx.c **** * Summary:
 272:.\Generated_Source\PSoC4/ISR_UART_Rx.c **** *   Gets the state (enabled, disabled) of the Interrupt.
 273:.\Generated_Source\PSoC4/ISR_UART_Rx.c **** *
 274:.\Generated_Source\PSoC4/ISR_UART_Rx.c **** * Parameters:
 275:.\Generated_Source\PSoC4/ISR_UART_Rx.c **** *   None
 276:.\Generated_Source\PSoC4/ISR_UART_Rx.c **** *
 277:.\Generated_Source\PSoC4/ISR_UART_Rx.c **** * Return:
 278:.\Generated_Source\PSoC4/ISR_UART_Rx.c **** *   1 if enabled, 0 if disabled.
 279:.\Generated_Source\PSoC4/ISR_UART_Rx.c **** *
 280:.\Generated_Source\PSoC4/ISR_UART_Rx.c **** *******************************************************************************/
 281:.\Generated_Source\PSoC4/ISR_UART_Rx.c **** uint8 ISR_UART_Rx_GetState(void)
 282:.\Generated_Source\PSoC4/ISR_UART_Rx.c **** {
 394              		.loc 1 282 0
 395              		.cfi_startproc
 396 0000 80B5     		push	{r7, lr}
 397              	.LCFI22:
 398              		.cfi_def_cfa_offset 8
 399              		.cfi_offset 7, -8
 400              		.cfi_offset 14, -4
 401 0002 00AF     		add	r7, sp, #0
ARM GAS  C:\Users\Jared\AppData\Local\Temp\cc850TPn.s 			page 13


 402              	.LCFI23:
 403              		.cfi_def_cfa_register 7
 283:.\Generated_Source\PSoC4/ISR_UART_Rx.c ****     /* Get the state of the general interrupt. */
 284:.\Generated_Source\PSoC4/ISR_UART_Rx.c ****     return ((*ISR_UART_Rx_INTC_SET_EN & (uint32)ISR_UART_Rx__INTC_MASK) != 0u) ? 1u:0u;
 404              		.loc 1 284 0
 405 0004 054B     		ldr	r3, .L30
 406 0006 1A68     		ldr	r2, [r3]
 407 0008 8023     		mov	r3, #128
 408 000a DB00     		lsl	r3, r3, #3
 409 000c 1340     		and	r3, r2
 410 000e 01D0     		beq	.L27
 411              		.loc 1 284 0 is_stmt 0 discriminator 1
 412 0010 0123     		mov	r3, #1
 413 0012 00E0     		b	.L28
 414              	.L27:
 415              		.loc 1 284 0 discriminator 2
 416 0014 0023     		mov	r3, #0
 417              	.L28:
 285:.\Generated_Source\PSoC4/ISR_UART_Rx.c **** }
 418              		.loc 1 285 0 is_stmt 1 discriminator 3
 419 0016 181C     		mov	r0, r3
 420 0018 BD46     		mov	sp, r7
 421              		@ sp needed for prologue
 422 001a 80BD     		pop	{r7, pc}
 423              	.L31:
 424              		.align	2
 425              	.L30:
 426 001c 00E100E0 		.word	-536813312
 427              		.cfi_endproc
 428              	.LFE9:
 429              		.size	ISR_UART_Rx_GetState, .-ISR_UART_Rx_GetState
 430              		.section	.text.ISR_UART_Rx_Disable,"ax",%progbits
 431              		.align	2
 432              		.global	ISR_UART_Rx_Disable
 433              		.code	16
 434              		.thumb_func
 435              		.type	ISR_UART_Rx_Disable, %function
 436              	ISR_UART_Rx_Disable:
 437              	.LFB10:
 286:.\Generated_Source\PSoC4/ISR_UART_Rx.c **** 
 287:.\Generated_Source\PSoC4/ISR_UART_Rx.c **** 
 288:.\Generated_Source\PSoC4/ISR_UART_Rx.c **** /*******************************************************************************
 289:.\Generated_Source\PSoC4/ISR_UART_Rx.c **** * Function Name: ISR_UART_Rx_Disable
 290:.\Generated_Source\PSoC4/ISR_UART_Rx.c **** ********************************************************************************
 291:.\Generated_Source\PSoC4/ISR_UART_Rx.c **** *
 292:.\Generated_Source\PSoC4/ISR_UART_Rx.c **** * Summary:
 293:.\Generated_Source\PSoC4/ISR_UART_Rx.c **** *   Disables the Interrupt.
 294:.\Generated_Source\PSoC4/ISR_UART_Rx.c **** *
 295:.\Generated_Source\PSoC4/ISR_UART_Rx.c **** * Parameters:
 296:.\Generated_Source\PSoC4/ISR_UART_Rx.c **** *   None
 297:.\Generated_Source\PSoC4/ISR_UART_Rx.c **** *
 298:.\Generated_Source\PSoC4/ISR_UART_Rx.c **** * Return:
 299:.\Generated_Source\PSoC4/ISR_UART_Rx.c **** *   None
 300:.\Generated_Source\PSoC4/ISR_UART_Rx.c **** *
 301:.\Generated_Source\PSoC4/ISR_UART_Rx.c **** *******************************************************************************/
 302:.\Generated_Source\PSoC4/ISR_UART_Rx.c **** void ISR_UART_Rx_Disable(void)
 303:.\Generated_Source\PSoC4/ISR_UART_Rx.c **** {
ARM GAS  C:\Users\Jared\AppData\Local\Temp\cc850TPn.s 			page 14


 438              		.loc 1 303 0
 439              		.cfi_startproc
 440 0000 80B5     		push	{r7, lr}
 441              	.LCFI24:
 442              		.cfi_def_cfa_offset 8
 443              		.cfi_offset 7, -8
 444              		.cfi_offset 14, -4
 445 0002 00AF     		add	r7, sp, #0
 446              	.LCFI25:
 447              		.cfi_def_cfa_register 7
 304:.\Generated_Source\PSoC4/ISR_UART_Rx.c ****     /* Disable the general interrupt. */
 305:.\Generated_Source\PSoC4/ISR_UART_Rx.c ****     *ISR_UART_Rx_INTC_CLR_EN = ISR_UART_Rx__INTC_MASK;
 448              		.loc 1 305 0
 449 0004 024B     		ldr	r3, .L33
 450 0006 8022     		mov	r2, #128
 451 0008 D200     		lsl	r2, r2, #3
 452 000a 1A60     		str	r2, [r3]
 306:.\Generated_Source\PSoC4/ISR_UART_Rx.c **** }
 453              		.loc 1 306 0
 454 000c BD46     		mov	sp, r7
 455              		@ sp needed for prologue
 456 000e 80BD     		pop	{r7, pc}
 457              	.L34:
 458              		.align	2
 459              	.L33:
 460 0010 80E100E0 		.word	-536813184
 461              		.cfi_endproc
 462              	.LFE10:
 463              		.size	ISR_UART_Rx_Disable, .-ISR_UART_Rx_Disable
 464              		.section	.text.ISR_UART_Rx_SetPending,"ax",%progbits
 465              		.align	2
 466              		.global	ISR_UART_Rx_SetPending
 467              		.code	16
 468              		.thumb_func
 469              		.type	ISR_UART_Rx_SetPending, %function
 470              	ISR_UART_Rx_SetPending:
 471              	.LFB11:
 307:.\Generated_Source\PSoC4/ISR_UART_Rx.c **** 
 308:.\Generated_Source\PSoC4/ISR_UART_Rx.c **** 
 309:.\Generated_Source\PSoC4/ISR_UART_Rx.c **** /*******************************************************************************
 310:.\Generated_Source\PSoC4/ISR_UART_Rx.c **** * Function Name: ISR_UART_Rx_SetPending
 311:.\Generated_Source\PSoC4/ISR_UART_Rx.c **** ********************************************************************************
 312:.\Generated_Source\PSoC4/ISR_UART_Rx.c **** *
 313:.\Generated_Source\PSoC4/ISR_UART_Rx.c **** * Summary:
 314:.\Generated_Source\PSoC4/ISR_UART_Rx.c **** *   Causes the Interrupt to enter the pending state, a software method of
 315:.\Generated_Source\PSoC4/ISR_UART_Rx.c **** *   generating the interrupt.
 316:.\Generated_Source\PSoC4/ISR_UART_Rx.c **** *
 317:.\Generated_Source\PSoC4/ISR_UART_Rx.c **** * Parameters:
 318:.\Generated_Source\PSoC4/ISR_UART_Rx.c **** *   None
 319:.\Generated_Source\PSoC4/ISR_UART_Rx.c **** *
 320:.\Generated_Source\PSoC4/ISR_UART_Rx.c **** * Return:
 321:.\Generated_Source\PSoC4/ISR_UART_Rx.c **** *   None
 322:.\Generated_Source\PSoC4/ISR_UART_Rx.c **** *
 323:.\Generated_Source\PSoC4/ISR_UART_Rx.c **** *******************************************************************************/
 324:.\Generated_Source\PSoC4/ISR_UART_Rx.c **** void ISR_UART_Rx_SetPending(void)
 325:.\Generated_Source\PSoC4/ISR_UART_Rx.c **** {
 472              		.loc 1 325 0
ARM GAS  C:\Users\Jared\AppData\Local\Temp\cc850TPn.s 			page 15


 473              		.cfi_startproc
 474 0000 80B5     		push	{r7, lr}
 475              	.LCFI26:
 476              		.cfi_def_cfa_offset 8
 477              		.cfi_offset 7, -8
 478              		.cfi_offset 14, -4
 479 0002 00AF     		add	r7, sp, #0
 480              	.LCFI27:
 481              		.cfi_def_cfa_register 7
 326:.\Generated_Source\PSoC4/ISR_UART_Rx.c ****     *ISR_UART_Rx_INTC_SET_PD = ISR_UART_Rx__INTC_MASK;
 482              		.loc 1 326 0
 483 0004 024B     		ldr	r3, .L36
 484 0006 8022     		mov	r2, #128
 485 0008 D200     		lsl	r2, r2, #3
 486 000a 1A60     		str	r2, [r3]
 327:.\Generated_Source\PSoC4/ISR_UART_Rx.c **** }
 487              		.loc 1 327 0
 488 000c BD46     		mov	sp, r7
 489              		@ sp needed for prologue
 490 000e 80BD     		pop	{r7, pc}
 491              	.L37:
 492              		.align	2
 493              	.L36:
 494 0010 00E200E0 		.word	-536813056
 495              		.cfi_endproc
 496              	.LFE11:
 497              		.size	ISR_UART_Rx_SetPending, .-ISR_UART_Rx_SetPending
 498              		.section	.text.ISR_UART_Rx_ClearPending,"ax",%progbits
 499              		.align	2
 500              		.global	ISR_UART_Rx_ClearPending
 501              		.code	16
 502              		.thumb_func
 503              		.type	ISR_UART_Rx_ClearPending, %function
 504              	ISR_UART_Rx_ClearPending:
 505              	.LFB12:
 328:.\Generated_Source\PSoC4/ISR_UART_Rx.c **** 
 329:.\Generated_Source\PSoC4/ISR_UART_Rx.c **** 
 330:.\Generated_Source\PSoC4/ISR_UART_Rx.c **** /*******************************************************************************
 331:.\Generated_Source\PSoC4/ISR_UART_Rx.c **** * Function Name: ISR_UART_Rx_ClearPending
 332:.\Generated_Source\PSoC4/ISR_UART_Rx.c **** ********************************************************************************
 333:.\Generated_Source\PSoC4/ISR_UART_Rx.c **** *
 334:.\Generated_Source\PSoC4/ISR_UART_Rx.c **** * Summary:
 335:.\Generated_Source\PSoC4/ISR_UART_Rx.c **** *   Clears a pending interrupt.
 336:.\Generated_Source\PSoC4/ISR_UART_Rx.c **** *
 337:.\Generated_Source\PSoC4/ISR_UART_Rx.c **** * Parameters:
 338:.\Generated_Source\PSoC4/ISR_UART_Rx.c **** *   None
 339:.\Generated_Source\PSoC4/ISR_UART_Rx.c **** *
 340:.\Generated_Source\PSoC4/ISR_UART_Rx.c **** * Return:
 341:.\Generated_Source\PSoC4/ISR_UART_Rx.c **** *   None
 342:.\Generated_Source\PSoC4/ISR_UART_Rx.c **** *
 343:.\Generated_Source\PSoC4/ISR_UART_Rx.c **** *******************************************************************************/
 344:.\Generated_Source\PSoC4/ISR_UART_Rx.c **** void ISR_UART_Rx_ClearPending(void)
 345:.\Generated_Source\PSoC4/ISR_UART_Rx.c **** {
 506              		.loc 1 345 0
 507              		.cfi_startproc
 508 0000 80B5     		push	{r7, lr}
 509              	.LCFI28:
ARM GAS  C:\Users\Jared\AppData\Local\Temp\cc850TPn.s 			page 16


 510              		.cfi_def_cfa_offset 8
 511              		.cfi_offset 7, -8
 512              		.cfi_offset 14, -4
 513 0002 00AF     		add	r7, sp, #0
 514              	.LCFI29:
 515              		.cfi_def_cfa_register 7
 346:.\Generated_Source\PSoC4/ISR_UART_Rx.c ****     *ISR_UART_Rx_INTC_CLR_PD = ISR_UART_Rx__INTC_MASK;
 516              		.loc 1 346 0
 517 0004 024B     		ldr	r3, .L39
 518 0006 8022     		mov	r2, #128
 519 0008 D200     		lsl	r2, r2, #3
 520 000a 1A60     		str	r2, [r3]
 347:.\Generated_Source\PSoC4/ISR_UART_Rx.c **** }
 521              		.loc 1 347 0
 522 000c BD46     		mov	sp, r7
 523              		@ sp needed for prologue
 524 000e 80BD     		pop	{r7, pc}
 525              	.L40:
 526              		.align	2
 527              	.L39:
 528 0010 80E200E0 		.word	-536812928
 529              		.cfi_endproc
 530              	.LFE12:
 531              		.size	ISR_UART_Rx_ClearPending, .-ISR_UART_Rx_ClearPending
 532              		.text
 533              	.Letext0:
 534              		.file 2 "./Generated_Source/PSoC4/cytypes.h"
 535              		.section	.debug_info,"",%progbits
 536              	.Ldebug_info0:
 537 0000 84020000 		.4byte	0x284
 538 0004 0200     		.2byte	0x2
 539 0006 00000000 		.4byte	.Ldebug_abbrev0
 540 000a 04       		.byte	0x4
 541 000b 01       		.uleb128 0x1
 542 000c EA010000 		.4byte	.LASF33
 543 0010 01       		.byte	0x1
 544 0011 8B000000 		.4byte	.LASF34
 545 0015 5F020000 		.4byte	.LASF35
 546 0019 00000000 		.4byte	.Ldebug_ranges0+0
 547 001d 00000000 		.4byte	0
 548 0021 00000000 		.4byte	0
 549 0025 00000000 		.4byte	.Ldebug_line0
 550 0029 02       		.uleb128 0x2
 551 002a 01       		.byte	0x1
 552 002b 06       		.byte	0x6
 553 002c 9E020000 		.4byte	.LASF0
 554 0030 02       		.uleb128 0x2
 555 0031 01       		.byte	0x1
 556 0032 08       		.byte	0x8
 557 0033 6C000000 		.4byte	.LASF1
 558 0037 02       		.uleb128 0x2
 559 0038 02       		.byte	0x2
 560 0039 05       		.byte	0x5
 561 003a E0010000 		.4byte	.LASF2
 562 003e 02       		.uleb128 0x2
 563 003f 02       		.byte	0x2
 564 0040 07       		.byte	0x7
ARM GAS  C:\Users\Jared\AppData\Local\Temp\cc850TPn.s 			page 17


 565 0041 3B000000 		.4byte	.LASF3
 566 0045 02       		.uleb128 0x2
 567 0046 04       		.byte	0x4
 568 0047 05       		.byte	0x5
 569 0048 42020000 		.4byte	.LASF4
 570 004c 02       		.uleb128 0x2
 571 004d 04       		.byte	0x4
 572 004e 07       		.byte	0x7
 573 004f C1000000 		.4byte	.LASF5
 574 0053 02       		.uleb128 0x2
 575 0054 08       		.byte	0x8
 576 0055 05       		.byte	0x5
 577 0056 B9010000 		.4byte	.LASF6
 578 005a 02       		.uleb128 0x2
 579 005b 08       		.byte	0x8
 580 005c 07       		.byte	0x7
 581 005d 8C010000 		.4byte	.LASF7
 582 0061 03       		.uleb128 0x3
 583 0062 04       		.byte	0x4
 584 0063 05       		.byte	0x5
 585 0064 696E7400 		.ascii	"int\000"
 586 0068 02       		.uleb128 0x2
 587 0069 04       		.byte	0x4
 588 006a 07       		.byte	0x7
 589 006b 77010000 		.4byte	.LASF8
 590 006f 04       		.uleb128 0x4
 591 0070 D3000000 		.4byte	.LASF9
 592 0074 02       		.byte	0x2
 593 0075 5B       		.byte	0x5b
 594 0076 30000000 		.4byte	0x30
 595 007a 04       		.uleb128 0x4
 596 007b 57010000 		.4byte	.LASF10
 597 007f 02       		.byte	0x2
 598 0080 5D       		.byte	0x5d
 599 0081 4C000000 		.4byte	0x4c
 600 0085 02       		.uleb128 0x2
 601 0086 04       		.byte	0x4
 602 0087 04       		.byte	0x4
 603 0088 66000000 		.4byte	.LASF11
 604 008c 02       		.uleb128 0x2
 605 008d 08       		.byte	0x8
 606 008e 04       		.byte	0x4
 607 008f 21010000 		.4byte	.LASF12
 608 0093 02       		.uleb128 0x2
 609 0094 01       		.byte	0x1
 610 0095 08       		.byte	0x8
 611 0096 DB010000 		.4byte	.LASF13
 612 009a 04       		.uleb128 0x4
 613 009b 12000000 		.4byte	.LASF14
 614 009f 02       		.byte	0x2
 615 00a0 F2       		.byte	0xf2
 616 00a1 A5000000 		.4byte	0xa5
 617 00a5 05       		.uleb128 0x5
 618 00a6 7A000000 		.4byte	0x7a
 619 00aa 06       		.uleb128 0x6
 620 00ab A3010000 		.4byte	.LASF15
 621 00af 02       		.byte	0x2
ARM GAS  C:\Users\Jared\AppData\Local\Temp\cc850TPn.s 			page 18


 622 00b0 0201     		.2byte	0x102
 623 00b2 B6000000 		.4byte	0xb6
 624 00b6 07       		.uleb128 0x7
 625 00b7 04       		.byte	0x4
 626 00b8 BC000000 		.4byte	0xbc
 627 00bc 08       		.uleb128 0x8
 628 00bd 01       		.byte	0x1
 629 00be 02       		.uleb128 0x2
 630 00bf 04       		.byte	0x4
 631 00c0 07       		.byte	0x7
 632 00c1 B0010000 		.4byte	.LASF16
 633 00c5 09       		.uleb128 0x9
 634 00c6 01       		.byte	0x1
 635 00c7 00000000 		.4byte	.LASF17
 636 00cb 01       		.byte	0x1
 637 00cc 35       		.byte	0x35
 638 00cd 01       		.byte	0x1
 639 00ce 00000000 		.4byte	.LFB0
 640 00d2 24000000 		.4byte	.LFE0
 641 00d6 00000000 		.4byte	.LLST0
 642 00da 01       		.byte	0x1
 643 00db 0A       		.uleb128 0xa
 644 00dc 01       		.byte	0x1
 645 00dd C7010000 		.4byte	.LASF20
 646 00e1 01       		.byte	0x1
 647 00e2 53       		.byte	0x53
 648 00e3 01       		.byte	0x1
 649 00e4 00000000 		.4byte	.LFB1
 650 00e8 24000000 		.4byte	.LFE1
 651 00ec 2C000000 		.4byte	.LLST1
 652 00f0 01       		.byte	0x1
 653 00f1 04010000 		.4byte	0x104
 654 00f5 0B       		.uleb128 0xb
 655 00f6 84010000 		.4byte	.LASF22
 656 00fa 01       		.byte	0x1
 657 00fb 53       		.byte	0x53
 658 00fc AA000000 		.4byte	0xaa
 659 0100 02       		.byte	0x2
 660 0101 91       		.byte	0x91
 661 0102 74       		.sleb128 -12
 662 0103 00       		.byte	0
 663 0104 09       		.uleb128 0x9
 664 0105 01       		.byte	0x1
 665 0106 7A000000 		.4byte	.LASF18
 666 010a 01       		.byte	0x1
 667 010b 70       		.byte	0x70
 668 010c 01       		.byte	0x1
 669 010d 00000000 		.4byte	.LFB2
 670 0111 18000000 		.4byte	.LFE2
 671 0115 64000000 		.4byte	.LLST2
 672 0119 01       		.byte	0x1
 673 011a 09       		.uleb128 0x9
 674 011b 01       		.byte	0x1
 675 011c 0B010000 		.4byte	.LASF19
 676 0120 01       		.byte	0x1
 677 0121 8B       		.byte	0x8b
 678 0122 01       		.byte	0x1
ARM GAS  C:\Users\Jared\AppData\Local\Temp\cc850TPn.s 			page 19


 679 0123 00000000 		.4byte	.LFB3
 680 0127 0C000000 		.4byte	.LFE3
 681 012b 90000000 		.4byte	.LLST3
 682 012f 01       		.byte	0x1
 683 0130 0C       		.uleb128 0xc
 684 0131 01       		.byte	0x1
 685 0132 18000000 		.4byte	.LASF21
 686 0136 01       		.byte	0x1
 687 0137 A5       		.byte	0xa5
 688 0138 01       		.byte	0x1
 689 0139 00000000 		.4byte	.LFB4
 690 013d 18000000 		.4byte	.LFE4
 691 0141 BC000000 		.4byte	.LLST4
 692 0145 01       		.byte	0x1
 693 0146 59010000 		.4byte	0x159
 694 014a 0B       		.uleb128 0xb
 695 014b 84010000 		.4byte	.LASF22
 696 014f 01       		.byte	0x1
 697 0150 A5       		.byte	0xa5
 698 0151 AA000000 		.4byte	0xaa
 699 0155 02       		.byte	0x2
 700 0156 91       		.byte	0x91
 701 0157 74       		.sleb128 -12
 702 0158 00       		.byte	0
 703 0159 0D       		.uleb128 0xd
 704 015a 01       		.byte	0x1
 705 015b EC000000 		.4byte	.LASF28
 706 015f 01       		.byte	0x1
 707 0160 B9       		.byte	0xb9
 708 0161 01       		.byte	0x1
 709 0162 AA000000 		.4byte	0xaa
 710 0166 00000000 		.4byte	.LFB5
 711 016a 14000000 		.4byte	.LFE5
 712 016e F4000000 		.4byte	.LLST5
 713 0172 01       		.byte	0x1
 714 0173 0A       		.uleb128 0xa
 715 0174 01       		.byte	0x1
 716 0175 28010000 		.4byte	.LASF23
 717 0179 01       		.byte	0x1
 718 017a D1       		.byte	0xd1
 719 017b 01       		.byte	0x1
 720 017c 00000000 		.4byte	.LFB6
 721 0180 50000000 		.4byte	.LFE6
 722 0184 20010000 		.4byte	.LLST6
 723 0188 01       		.byte	0x1
 724 0189 B8010000 		.4byte	0x1b8
 725 018d 0B       		.uleb128 0xb
 726 018e 02010000 		.4byte	.LASF24
 727 0192 01       		.byte	0x1
 728 0193 D1       		.byte	0xd1
 729 0194 6F000000 		.4byte	0x6f
 730 0198 02       		.byte	0x2
 731 0199 91       		.byte	0x91
 732 019a 67       		.sleb128 -25
 733 019b 0E       		.uleb128 0xe
 734 019c B2000000 		.4byte	.LASF25
 735 01a0 01       		.byte	0x1
ARM GAS  C:\Users\Jared\AppData\Local\Temp\cc850TPn.s 			page 20


 736 01a1 D3       		.byte	0xd3
 737 01a2 6F000000 		.4byte	0x6f
 738 01a6 02       		.byte	0x2
 739 01a7 91       		.byte	0x91
 740 01a8 6B       		.sleb128 -21
 741 01a9 0E       		.uleb128 0xe
 742 01aa 33020000 		.4byte	.LASF26
 743 01ae 01       		.byte	0x1
 744 01af D4       		.byte	0xd4
 745 01b0 7A000000 		.4byte	0x7a
 746 01b4 02       		.byte	0x2
 747 01b5 91       		.byte	0x91
 748 01b6 6C       		.sleb128 -20
 749 01b7 00       		.byte	0
 750 01b8 0F       		.uleb128 0xf
 751 01b9 01       		.byte	0x1
 752 01ba 4E000000 		.4byte	.LASF36
 753 01be 01       		.byte	0x1
 754 01bf EB       		.byte	0xeb
 755 01c0 01       		.byte	0x1
 756 01c1 6F000000 		.4byte	0x6f
 757 01c5 00000000 		.4byte	.LFB7
 758 01c9 30000000 		.4byte	.LFE7
 759 01cd 58010000 		.4byte	.LLST7
 760 01d1 01       		.byte	0x1
 761 01d2 F3010000 		.4byte	0x1f3
 762 01d6 0E       		.uleb128 0xe
 763 01d7 02010000 		.4byte	.LASF24
 764 01db 01       		.byte	0x1
 765 01dc ED       		.byte	0xed
 766 01dd 7A000000 		.4byte	0x7a
 767 01e1 02       		.byte	0x2
 768 01e2 91       		.byte	0x91
 769 01e3 70       		.sleb128 -16
 770 01e4 0E       		.uleb128 0xe
 771 01e5 33020000 		.4byte	.LASF26
 772 01e9 01       		.byte	0x1
 773 01ea EE       		.byte	0xee
 774 01eb 7A000000 		.4byte	0x7a
 775 01ef 02       		.byte	0x2
 776 01f0 91       		.byte	0x91
 777 01f1 74       		.sleb128 -12
 778 01f2 00       		.byte	0
 779 01f3 10       		.uleb128 0x10
 780 01f4 01       		.byte	0x1
 781 01f5 D9000000 		.4byte	.LASF27
 782 01f9 01       		.byte	0x1
 783 01fa 0401     		.2byte	0x104
 784 01fc 01       		.byte	0x1
 785 01fd 00000000 		.4byte	.LFB8
 786 0201 14000000 		.4byte	.LFE8
 787 0205 90010000 		.4byte	.LLST8
 788 0209 01       		.byte	0x1
 789 020a 11       		.uleb128 0x11
 790 020b 01       		.byte	0x1
 791 020c AA020000 		.4byte	.LASF29
 792 0210 01       		.byte	0x1
ARM GAS  C:\Users\Jared\AppData\Local\Temp\cc850TPn.s 			page 21


 793 0211 1901     		.2byte	0x119
 794 0213 01       		.byte	0x1
 795 0214 6F000000 		.4byte	0x6f
 796 0218 00000000 		.4byte	.LFB9
 797 021c 20000000 		.4byte	.LFE9
 798 0220 BC010000 		.4byte	.LLST9
 799 0224 01       		.byte	0x1
 800 0225 10       		.uleb128 0x10
 801 0226 01       		.byte	0x1
 802 0227 4B020000 		.4byte	.LASF30
 803 022b 01       		.byte	0x1
 804 022c 2E01     		.2byte	0x12e
 805 022e 01       		.byte	0x1
 806 022f 00000000 		.4byte	.LFB10
 807 0233 14000000 		.4byte	.LFE10
 808 0237 E8010000 		.4byte	.LLST10
 809 023b 01       		.byte	0x1
 810 023c 10       		.uleb128 0x10
 811 023d 01       		.byte	0x1
 812 023e 40010000 		.4byte	.LASF31
 813 0242 01       		.byte	0x1
 814 0243 4401     		.2byte	0x144
 815 0245 01       		.byte	0x1
 816 0246 00000000 		.4byte	.LFB11
 817 024a 14000000 		.4byte	.LFE11
 818 024e 14020000 		.4byte	.LLST11
 819 0252 01       		.byte	0x1
 820 0253 10       		.uleb128 0x10
 821 0254 01       		.byte	0x1
 822 0255 5E010000 		.4byte	.LASF32
 823 0259 01       		.byte	0x1
 824 025a 5801     		.2byte	0x158
 825 025c 01       		.byte	0x1
 826 025d 00000000 		.4byte	.LFB12
 827 0261 14000000 		.4byte	.LFE12
 828 0265 40020000 		.4byte	.LLST12
 829 0269 01       		.byte	0x1
 830 026a 12       		.uleb128 0x12
 831 026b AA000000 		.4byte	0xaa
 832 026f 7A020000 		.4byte	0x27a
 833 0273 13       		.uleb128 0x13
 834 0274 BE000000 		.4byte	0xbe
 835 0278 2F       		.byte	0x2f
 836 0279 00       		.byte	0
 837 027a 14       		.uleb128 0x14
 838 027b 2E000000 		.4byte	.LASF37
 839 027f 01       		.byte	0x1
 840 0280 21       		.byte	0x21
 841 0281 6A020000 		.4byte	0x26a
 842 0285 01       		.byte	0x1
 843 0286 01       		.byte	0x1
 844 0287 00       		.byte	0
 845              		.section	.debug_abbrev,"",%progbits
 846              	.Ldebug_abbrev0:
 847 0000 01       		.uleb128 0x1
 848 0001 11       		.uleb128 0x11
 849 0002 01       		.byte	0x1
ARM GAS  C:\Users\Jared\AppData\Local\Temp\cc850TPn.s 			page 22


 850 0003 25       		.uleb128 0x25
 851 0004 0E       		.uleb128 0xe
 852 0005 13       		.uleb128 0x13
 853 0006 0B       		.uleb128 0xb
 854 0007 03       		.uleb128 0x3
 855 0008 0E       		.uleb128 0xe
 856 0009 1B       		.uleb128 0x1b
 857 000a 0E       		.uleb128 0xe
 858 000b 55       		.uleb128 0x55
 859 000c 06       		.uleb128 0x6
 860 000d 11       		.uleb128 0x11
 861 000e 01       		.uleb128 0x1
 862 000f 52       		.uleb128 0x52
 863 0010 01       		.uleb128 0x1
 864 0011 10       		.uleb128 0x10
 865 0012 06       		.uleb128 0x6
 866 0013 00       		.byte	0
 867 0014 00       		.byte	0
 868 0015 02       		.uleb128 0x2
 869 0016 24       		.uleb128 0x24
 870 0017 00       		.byte	0
 871 0018 0B       		.uleb128 0xb
 872 0019 0B       		.uleb128 0xb
 873 001a 3E       		.uleb128 0x3e
 874 001b 0B       		.uleb128 0xb
 875 001c 03       		.uleb128 0x3
 876 001d 0E       		.uleb128 0xe
 877 001e 00       		.byte	0
 878 001f 00       		.byte	0
 879 0020 03       		.uleb128 0x3
 880 0021 24       		.uleb128 0x24
 881 0022 00       		.byte	0
 882 0023 0B       		.uleb128 0xb
 883 0024 0B       		.uleb128 0xb
 884 0025 3E       		.uleb128 0x3e
 885 0026 0B       		.uleb128 0xb
 886 0027 03       		.uleb128 0x3
 887 0028 08       		.uleb128 0x8
 888 0029 00       		.byte	0
 889 002a 00       		.byte	0
 890 002b 04       		.uleb128 0x4
 891 002c 16       		.uleb128 0x16
 892 002d 00       		.byte	0
 893 002e 03       		.uleb128 0x3
 894 002f 0E       		.uleb128 0xe
 895 0030 3A       		.uleb128 0x3a
 896 0031 0B       		.uleb128 0xb
 897 0032 3B       		.uleb128 0x3b
 898 0033 0B       		.uleb128 0xb
 899 0034 49       		.uleb128 0x49
 900 0035 13       		.uleb128 0x13
 901 0036 00       		.byte	0
 902 0037 00       		.byte	0
 903 0038 05       		.uleb128 0x5
 904 0039 35       		.uleb128 0x35
 905 003a 00       		.byte	0
 906 003b 49       		.uleb128 0x49
ARM GAS  C:\Users\Jared\AppData\Local\Temp\cc850TPn.s 			page 23


 907 003c 13       		.uleb128 0x13
 908 003d 00       		.byte	0
 909 003e 00       		.byte	0
 910 003f 06       		.uleb128 0x6
 911 0040 16       		.uleb128 0x16
 912 0041 00       		.byte	0
 913 0042 03       		.uleb128 0x3
 914 0043 0E       		.uleb128 0xe
 915 0044 3A       		.uleb128 0x3a
 916 0045 0B       		.uleb128 0xb
 917 0046 3B       		.uleb128 0x3b
 918 0047 05       		.uleb128 0x5
 919 0048 49       		.uleb128 0x49
 920 0049 13       		.uleb128 0x13
 921 004a 00       		.byte	0
 922 004b 00       		.byte	0
 923 004c 07       		.uleb128 0x7
 924 004d 0F       		.uleb128 0xf
 925 004e 00       		.byte	0
 926 004f 0B       		.uleb128 0xb
 927 0050 0B       		.uleb128 0xb
 928 0051 49       		.uleb128 0x49
 929 0052 13       		.uleb128 0x13
 930 0053 00       		.byte	0
 931 0054 00       		.byte	0
 932 0055 08       		.uleb128 0x8
 933 0056 15       		.uleb128 0x15
 934 0057 00       		.byte	0
 935 0058 27       		.uleb128 0x27
 936 0059 0C       		.uleb128 0xc
 937 005a 00       		.byte	0
 938 005b 00       		.byte	0
 939 005c 09       		.uleb128 0x9
 940 005d 2E       		.uleb128 0x2e
 941 005e 00       		.byte	0
 942 005f 3F       		.uleb128 0x3f
 943 0060 0C       		.uleb128 0xc
 944 0061 03       		.uleb128 0x3
 945 0062 0E       		.uleb128 0xe
 946 0063 3A       		.uleb128 0x3a
 947 0064 0B       		.uleb128 0xb
 948 0065 3B       		.uleb128 0x3b
 949 0066 0B       		.uleb128 0xb
 950 0067 27       		.uleb128 0x27
 951 0068 0C       		.uleb128 0xc
 952 0069 11       		.uleb128 0x11
 953 006a 01       		.uleb128 0x1
 954 006b 12       		.uleb128 0x12
 955 006c 01       		.uleb128 0x1
 956 006d 40       		.uleb128 0x40
 957 006e 06       		.uleb128 0x6
 958 006f 9642     		.uleb128 0x2116
 959 0071 0C       		.uleb128 0xc
 960 0072 00       		.byte	0
 961 0073 00       		.byte	0
 962 0074 0A       		.uleb128 0xa
 963 0075 2E       		.uleb128 0x2e
ARM GAS  C:\Users\Jared\AppData\Local\Temp\cc850TPn.s 			page 24


 964 0076 01       		.byte	0x1
 965 0077 3F       		.uleb128 0x3f
 966 0078 0C       		.uleb128 0xc
 967 0079 03       		.uleb128 0x3
 968 007a 0E       		.uleb128 0xe
 969 007b 3A       		.uleb128 0x3a
 970 007c 0B       		.uleb128 0xb
 971 007d 3B       		.uleb128 0x3b
 972 007e 0B       		.uleb128 0xb
 973 007f 27       		.uleb128 0x27
 974 0080 0C       		.uleb128 0xc
 975 0081 11       		.uleb128 0x11
 976 0082 01       		.uleb128 0x1
 977 0083 12       		.uleb128 0x12
 978 0084 01       		.uleb128 0x1
 979 0085 40       		.uleb128 0x40
 980 0086 06       		.uleb128 0x6
 981 0087 9642     		.uleb128 0x2116
 982 0089 0C       		.uleb128 0xc
 983 008a 01       		.uleb128 0x1
 984 008b 13       		.uleb128 0x13
 985 008c 00       		.byte	0
 986 008d 00       		.byte	0
 987 008e 0B       		.uleb128 0xb
 988 008f 05       		.uleb128 0x5
 989 0090 00       		.byte	0
 990 0091 03       		.uleb128 0x3
 991 0092 0E       		.uleb128 0xe
 992 0093 3A       		.uleb128 0x3a
 993 0094 0B       		.uleb128 0xb
 994 0095 3B       		.uleb128 0x3b
 995 0096 0B       		.uleb128 0xb
 996 0097 49       		.uleb128 0x49
 997 0098 13       		.uleb128 0x13
 998 0099 02       		.uleb128 0x2
 999 009a 0A       		.uleb128 0xa
 1000 009b 00       		.byte	0
 1001 009c 00       		.byte	0
 1002 009d 0C       		.uleb128 0xc
 1003 009e 2E       		.uleb128 0x2e
 1004 009f 01       		.byte	0x1
 1005 00a0 3F       		.uleb128 0x3f
 1006 00a1 0C       		.uleb128 0xc
 1007 00a2 03       		.uleb128 0x3
 1008 00a3 0E       		.uleb128 0xe
 1009 00a4 3A       		.uleb128 0x3a
 1010 00a5 0B       		.uleb128 0xb
 1011 00a6 3B       		.uleb128 0x3b
 1012 00a7 0B       		.uleb128 0xb
 1013 00a8 27       		.uleb128 0x27
 1014 00a9 0C       		.uleb128 0xc
 1015 00aa 11       		.uleb128 0x11
 1016 00ab 01       		.uleb128 0x1
 1017 00ac 12       		.uleb128 0x12
 1018 00ad 01       		.uleb128 0x1
 1019 00ae 40       		.uleb128 0x40
 1020 00af 06       		.uleb128 0x6
ARM GAS  C:\Users\Jared\AppData\Local\Temp\cc850TPn.s 			page 25


 1021 00b0 9742     		.uleb128 0x2117
 1022 00b2 0C       		.uleb128 0xc
 1023 00b3 01       		.uleb128 0x1
 1024 00b4 13       		.uleb128 0x13
 1025 00b5 00       		.byte	0
 1026 00b6 00       		.byte	0
 1027 00b7 0D       		.uleb128 0xd
 1028 00b8 2E       		.uleb128 0x2e
 1029 00b9 00       		.byte	0
 1030 00ba 3F       		.uleb128 0x3f
 1031 00bb 0C       		.uleb128 0xc
 1032 00bc 03       		.uleb128 0x3
 1033 00bd 0E       		.uleb128 0xe
 1034 00be 3A       		.uleb128 0x3a
 1035 00bf 0B       		.uleb128 0xb
 1036 00c0 3B       		.uleb128 0x3b
 1037 00c1 0B       		.uleb128 0xb
 1038 00c2 27       		.uleb128 0x27
 1039 00c3 0C       		.uleb128 0xc
 1040 00c4 49       		.uleb128 0x49
 1041 00c5 13       		.uleb128 0x13
 1042 00c6 11       		.uleb128 0x11
 1043 00c7 01       		.uleb128 0x1
 1044 00c8 12       		.uleb128 0x12
 1045 00c9 01       		.uleb128 0x1
 1046 00ca 40       		.uleb128 0x40
 1047 00cb 06       		.uleb128 0x6
 1048 00cc 9742     		.uleb128 0x2117
 1049 00ce 0C       		.uleb128 0xc
 1050 00cf 00       		.byte	0
 1051 00d0 00       		.byte	0
 1052 00d1 0E       		.uleb128 0xe
 1053 00d2 34       		.uleb128 0x34
 1054 00d3 00       		.byte	0
 1055 00d4 03       		.uleb128 0x3
 1056 00d5 0E       		.uleb128 0xe
 1057 00d6 3A       		.uleb128 0x3a
 1058 00d7 0B       		.uleb128 0xb
 1059 00d8 3B       		.uleb128 0x3b
 1060 00d9 0B       		.uleb128 0xb
 1061 00da 49       		.uleb128 0x49
 1062 00db 13       		.uleb128 0x13
 1063 00dc 02       		.uleb128 0x2
 1064 00dd 0A       		.uleb128 0xa
 1065 00de 00       		.byte	0
 1066 00df 00       		.byte	0
 1067 00e0 0F       		.uleb128 0xf
 1068 00e1 2E       		.uleb128 0x2e
 1069 00e2 01       		.byte	0x1
 1070 00e3 3F       		.uleb128 0x3f
 1071 00e4 0C       		.uleb128 0xc
 1072 00e5 03       		.uleb128 0x3
 1073 00e6 0E       		.uleb128 0xe
 1074 00e7 3A       		.uleb128 0x3a
 1075 00e8 0B       		.uleb128 0xb
 1076 00e9 3B       		.uleb128 0x3b
 1077 00ea 0B       		.uleb128 0xb
ARM GAS  C:\Users\Jared\AppData\Local\Temp\cc850TPn.s 			page 26


 1078 00eb 27       		.uleb128 0x27
 1079 00ec 0C       		.uleb128 0xc
 1080 00ed 49       		.uleb128 0x49
 1081 00ee 13       		.uleb128 0x13
 1082 00ef 11       		.uleb128 0x11
 1083 00f0 01       		.uleb128 0x1
 1084 00f1 12       		.uleb128 0x12
 1085 00f2 01       		.uleb128 0x1
 1086 00f3 40       		.uleb128 0x40
 1087 00f4 06       		.uleb128 0x6
 1088 00f5 9742     		.uleb128 0x2117
 1089 00f7 0C       		.uleb128 0xc
 1090 00f8 01       		.uleb128 0x1
 1091 00f9 13       		.uleb128 0x13
 1092 00fa 00       		.byte	0
 1093 00fb 00       		.byte	0
 1094 00fc 10       		.uleb128 0x10
 1095 00fd 2E       		.uleb128 0x2e
 1096 00fe 00       		.byte	0
 1097 00ff 3F       		.uleb128 0x3f
 1098 0100 0C       		.uleb128 0xc
 1099 0101 03       		.uleb128 0x3
 1100 0102 0E       		.uleb128 0xe
 1101 0103 3A       		.uleb128 0x3a
 1102 0104 0B       		.uleb128 0xb
 1103 0105 3B       		.uleb128 0x3b
 1104 0106 05       		.uleb128 0x5
 1105 0107 27       		.uleb128 0x27
 1106 0108 0C       		.uleb128 0xc
 1107 0109 11       		.uleb128 0x11
 1108 010a 01       		.uleb128 0x1
 1109 010b 12       		.uleb128 0x12
 1110 010c 01       		.uleb128 0x1
 1111 010d 40       		.uleb128 0x40
 1112 010e 06       		.uleb128 0x6
 1113 010f 9742     		.uleb128 0x2117
 1114 0111 0C       		.uleb128 0xc
 1115 0112 00       		.byte	0
 1116 0113 00       		.byte	0
 1117 0114 11       		.uleb128 0x11
 1118 0115 2E       		.uleb128 0x2e
 1119 0116 00       		.byte	0
 1120 0117 3F       		.uleb128 0x3f
 1121 0118 0C       		.uleb128 0xc
 1122 0119 03       		.uleb128 0x3
 1123 011a 0E       		.uleb128 0xe
 1124 011b 3A       		.uleb128 0x3a
 1125 011c 0B       		.uleb128 0xb
 1126 011d 3B       		.uleb128 0x3b
 1127 011e 05       		.uleb128 0x5
 1128 011f 27       		.uleb128 0x27
 1129 0120 0C       		.uleb128 0xc
 1130 0121 49       		.uleb128 0x49
 1131 0122 13       		.uleb128 0x13
 1132 0123 11       		.uleb128 0x11
 1133 0124 01       		.uleb128 0x1
 1134 0125 12       		.uleb128 0x12
ARM GAS  C:\Users\Jared\AppData\Local\Temp\cc850TPn.s 			page 27


 1135 0126 01       		.uleb128 0x1
 1136 0127 40       		.uleb128 0x40
 1137 0128 06       		.uleb128 0x6
 1138 0129 9742     		.uleb128 0x2117
 1139 012b 0C       		.uleb128 0xc
 1140 012c 00       		.byte	0
 1141 012d 00       		.byte	0
 1142 012e 12       		.uleb128 0x12
 1143 012f 01       		.uleb128 0x1
 1144 0130 01       		.byte	0x1
 1145 0131 49       		.uleb128 0x49
 1146 0132 13       		.uleb128 0x13
 1147 0133 01       		.uleb128 0x1
 1148 0134 13       		.uleb128 0x13
 1149 0135 00       		.byte	0
 1150 0136 00       		.byte	0
 1151 0137 13       		.uleb128 0x13
 1152 0138 21       		.uleb128 0x21
 1153 0139 00       		.byte	0
 1154 013a 49       		.uleb128 0x49
 1155 013b 13       		.uleb128 0x13
 1156 013c 2F       		.uleb128 0x2f
 1157 013d 0B       		.uleb128 0xb
 1158 013e 00       		.byte	0
 1159 013f 00       		.byte	0
 1160 0140 14       		.uleb128 0x14
 1161 0141 34       		.uleb128 0x34
 1162 0142 00       		.byte	0
 1163 0143 03       		.uleb128 0x3
 1164 0144 0E       		.uleb128 0xe
 1165 0145 3A       		.uleb128 0x3a
 1166 0146 0B       		.uleb128 0xb
 1167 0147 3B       		.uleb128 0x3b
 1168 0148 0B       		.uleb128 0xb
 1169 0149 49       		.uleb128 0x49
 1170 014a 13       		.uleb128 0x13
 1171 014b 3F       		.uleb128 0x3f
 1172 014c 0C       		.uleb128 0xc
 1173 014d 3C       		.uleb128 0x3c
 1174 014e 0C       		.uleb128 0xc
 1175 014f 00       		.byte	0
 1176 0150 00       		.byte	0
 1177 0151 00       		.byte	0
 1178              		.section	.debug_loc,"",%progbits
 1179              	.Ldebug_loc0:
 1180              	.LLST0:
 1181 0000 00000000 		.4byte	.LFB0
 1182 0004 02000000 		.4byte	.LCFI0
 1183 0008 0200     		.2byte	0x2
 1184 000a 7D       		.byte	0x7d
 1185 000b 00       		.sleb128 0
 1186 000c 02000000 		.4byte	.LCFI0
 1187 0010 04000000 		.4byte	.LCFI1
 1188 0014 0200     		.2byte	0x2
 1189 0016 7D       		.byte	0x7d
 1190 0017 08       		.sleb128 8
 1191 0018 04000000 		.4byte	.LCFI1
ARM GAS  C:\Users\Jared\AppData\Local\Temp\cc850TPn.s 			page 28


 1192 001c 24000000 		.4byte	.LFE0
 1193 0020 0200     		.2byte	0x2
 1194 0022 77       		.byte	0x77
 1195 0023 08       		.sleb128 8
 1196 0024 00000000 		.4byte	0
 1197 0028 00000000 		.4byte	0
 1198              	.LLST1:
 1199 002c 00000000 		.4byte	.LFB1
 1200 0030 02000000 		.4byte	.LCFI2
 1201 0034 0200     		.2byte	0x2
 1202 0036 7D       		.byte	0x7d
 1203 0037 00       		.sleb128 0
 1204 0038 02000000 		.4byte	.LCFI2
 1205 003c 04000000 		.4byte	.LCFI3
 1206 0040 0200     		.2byte	0x2
 1207 0042 7D       		.byte	0x7d
 1208 0043 08       		.sleb128 8
 1209 0044 04000000 		.4byte	.LCFI3
 1210 0048 06000000 		.4byte	.LCFI4
 1211 004c 0200     		.2byte	0x2
 1212 004e 7D       		.byte	0x7d
 1213 004f 10       		.sleb128 16
 1214 0050 06000000 		.4byte	.LCFI4
 1215 0054 24000000 		.4byte	.LFE1
 1216 0058 0200     		.2byte	0x2
 1217 005a 77       		.byte	0x77
 1218 005b 10       		.sleb128 16
 1219 005c 00000000 		.4byte	0
 1220 0060 00000000 		.4byte	0
 1221              	.LLST2:
 1222 0064 00000000 		.4byte	.LFB2
 1223 0068 02000000 		.4byte	.LCFI5
 1224 006c 0200     		.2byte	0x2
 1225 006e 7D       		.byte	0x7d
 1226 006f 00       		.sleb128 0
 1227 0070 02000000 		.4byte	.LCFI5
 1228 0074 04000000 		.4byte	.LCFI6
 1229 0078 0200     		.2byte	0x2
 1230 007a 7D       		.byte	0x7d
 1231 007b 08       		.sleb128 8
 1232 007c 04000000 		.4byte	.LCFI6
 1233 0080 18000000 		.4byte	.LFE2
 1234 0084 0200     		.2byte	0x2
 1235 0086 77       		.byte	0x77
 1236 0087 08       		.sleb128 8
 1237 0088 00000000 		.4byte	0
 1238 008c 00000000 		.4byte	0
 1239              	.LLST3:
 1240 0090 00000000 		.4byte	.LFB3
 1241 0094 02000000 		.4byte	.LCFI7
 1242 0098 0200     		.2byte	0x2
 1243 009a 7D       		.byte	0x7d
 1244 009b 00       		.sleb128 0
 1245 009c 02000000 		.4byte	.LCFI7
 1246 00a0 04000000 		.4byte	.LCFI8
 1247 00a4 0200     		.2byte	0x2
 1248 00a6 7D       		.byte	0x7d
ARM GAS  C:\Users\Jared\AppData\Local\Temp\cc850TPn.s 			page 29


 1249 00a7 08       		.sleb128 8
 1250 00a8 04000000 		.4byte	.LCFI8
 1251 00ac 0C000000 		.4byte	.LFE3
 1252 00b0 0200     		.2byte	0x2
 1253 00b2 77       		.byte	0x77
 1254 00b3 08       		.sleb128 8
 1255 00b4 00000000 		.4byte	0
 1256 00b8 00000000 		.4byte	0
 1257              	.LLST4:
 1258 00bc 00000000 		.4byte	.LFB4
 1259 00c0 02000000 		.4byte	.LCFI9
 1260 00c4 0200     		.2byte	0x2
 1261 00c6 7D       		.byte	0x7d
 1262 00c7 00       		.sleb128 0
 1263 00c8 02000000 		.4byte	.LCFI9
 1264 00cc 04000000 		.4byte	.LCFI10
 1265 00d0 0200     		.2byte	0x2
 1266 00d2 7D       		.byte	0x7d
 1267 00d3 08       		.sleb128 8
 1268 00d4 04000000 		.4byte	.LCFI10
 1269 00d8 06000000 		.4byte	.LCFI11
 1270 00dc 0200     		.2byte	0x2
 1271 00de 7D       		.byte	0x7d
 1272 00df 10       		.sleb128 16
 1273 00e0 06000000 		.4byte	.LCFI11
 1274 00e4 18000000 		.4byte	.LFE4
 1275 00e8 0200     		.2byte	0x2
 1276 00ea 77       		.byte	0x77
 1277 00eb 10       		.sleb128 16
 1278 00ec 00000000 		.4byte	0
 1279 00f0 00000000 		.4byte	0
 1280              	.LLST5:
 1281 00f4 00000000 		.4byte	.LFB5
 1282 00f8 02000000 		.4byte	.LCFI12
 1283 00fc 0200     		.2byte	0x2
 1284 00fe 7D       		.byte	0x7d
 1285 00ff 00       		.sleb128 0
 1286 0100 02000000 		.4byte	.LCFI12
 1287 0104 04000000 		.4byte	.LCFI13
 1288 0108 0200     		.2byte	0x2
 1289 010a 7D       		.byte	0x7d
 1290 010b 08       		.sleb128 8
 1291 010c 04000000 		.4byte	.LCFI13
 1292 0110 14000000 		.4byte	.LFE5
 1293 0114 0200     		.2byte	0x2
 1294 0116 77       		.byte	0x77
 1295 0117 08       		.sleb128 8
 1296 0118 00000000 		.4byte	0
 1297 011c 00000000 		.4byte	0
 1298              	.LLST6:
 1299 0120 00000000 		.4byte	.LFB6
 1300 0124 02000000 		.4byte	.LCFI14
 1301 0128 0200     		.2byte	0x2
 1302 012a 7D       		.byte	0x7d
 1303 012b 00       		.sleb128 0
 1304 012c 02000000 		.4byte	.LCFI14
 1305 0130 04000000 		.4byte	.LCFI15
ARM GAS  C:\Users\Jared\AppData\Local\Temp\cc850TPn.s 			page 30


 1306 0134 0200     		.2byte	0x2
 1307 0136 7D       		.byte	0x7d
 1308 0137 0C       		.sleb128 12
 1309 0138 04000000 		.4byte	.LCFI15
 1310 013c 06000000 		.4byte	.LCFI16
 1311 0140 0200     		.2byte	0x2
 1312 0142 7D       		.byte	0x7d
 1313 0143 20       		.sleb128 32
 1314 0144 06000000 		.4byte	.LCFI16
 1315 0148 50000000 		.4byte	.LFE6
 1316 014c 0200     		.2byte	0x2
 1317 014e 77       		.byte	0x77
 1318 014f 20       		.sleb128 32
 1319 0150 00000000 		.4byte	0
 1320 0154 00000000 		.4byte	0
 1321              	.LLST7:
 1322 0158 00000000 		.4byte	.LFB7
 1323 015c 02000000 		.4byte	.LCFI17
 1324 0160 0200     		.2byte	0x2
 1325 0162 7D       		.byte	0x7d
 1326 0163 00       		.sleb128 0
 1327 0164 02000000 		.4byte	.LCFI17
 1328 0168 04000000 		.4byte	.LCFI18
 1329 016c 0200     		.2byte	0x2
 1330 016e 7D       		.byte	0x7d
 1331 016f 08       		.sleb128 8
 1332 0170 04000000 		.4byte	.LCFI18
 1333 0174 06000000 		.4byte	.LCFI19
 1334 0178 0200     		.2byte	0x2
 1335 017a 7D       		.byte	0x7d
 1336 017b 10       		.sleb128 16
 1337 017c 06000000 		.4byte	.LCFI19
 1338 0180 30000000 		.4byte	.LFE7
 1339 0184 0200     		.2byte	0x2
 1340 0186 77       		.byte	0x77
 1341 0187 10       		.sleb128 16
 1342 0188 00000000 		.4byte	0
 1343 018c 00000000 		.4byte	0
 1344              	.LLST8:
 1345 0190 00000000 		.4byte	.LFB8
 1346 0194 02000000 		.4byte	.LCFI20
 1347 0198 0200     		.2byte	0x2
 1348 019a 7D       		.byte	0x7d
 1349 019b 00       		.sleb128 0
 1350 019c 02000000 		.4byte	.LCFI20
 1351 01a0 04000000 		.4byte	.LCFI21
 1352 01a4 0200     		.2byte	0x2
 1353 01a6 7D       		.byte	0x7d
 1354 01a7 08       		.sleb128 8
 1355 01a8 04000000 		.4byte	.LCFI21
 1356 01ac 14000000 		.4byte	.LFE8
 1357 01b0 0200     		.2byte	0x2
 1358 01b2 77       		.byte	0x77
 1359 01b3 08       		.sleb128 8
 1360 01b4 00000000 		.4byte	0
 1361 01b8 00000000 		.4byte	0
 1362              	.LLST9:
ARM GAS  C:\Users\Jared\AppData\Local\Temp\cc850TPn.s 			page 31


 1363 01bc 00000000 		.4byte	.LFB9
 1364 01c0 02000000 		.4byte	.LCFI22
 1365 01c4 0200     		.2byte	0x2
 1366 01c6 7D       		.byte	0x7d
 1367 01c7 00       		.sleb128 0
 1368 01c8 02000000 		.4byte	.LCFI22
 1369 01cc 04000000 		.4byte	.LCFI23
 1370 01d0 0200     		.2byte	0x2
 1371 01d2 7D       		.byte	0x7d
 1372 01d3 08       		.sleb128 8
 1373 01d4 04000000 		.4byte	.LCFI23
 1374 01d8 20000000 		.4byte	.LFE9
 1375 01dc 0200     		.2byte	0x2
 1376 01de 77       		.byte	0x77
 1377 01df 08       		.sleb128 8
 1378 01e0 00000000 		.4byte	0
 1379 01e4 00000000 		.4byte	0
 1380              	.LLST10:
 1381 01e8 00000000 		.4byte	.LFB10
 1382 01ec 02000000 		.4byte	.LCFI24
 1383 01f0 0200     		.2byte	0x2
 1384 01f2 7D       		.byte	0x7d
 1385 01f3 00       		.sleb128 0
 1386 01f4 02000000 		.4byte	.LCFI24
 1387 01f8 04000000 		.4byte	.LCFI25
 1388 01fc 0200     		.2byte	0x2
 1389 01fe 7D       		.byte	0x7d
 1390 01ff 08       		.sleb128 8
 1391 0200 04000000 		.4byte	.LCFI25
 1392 0204 14000000 		.4byte	.LFE10
 1393 0208 0200     		.2byte	0x2
 1394 020a 77       		.byte	0x77
 1395 020b 08       		.sleb128 8
 1396 020c 00000000 		.4byte	0
 1397 0210 00000000 		.4byte	0
 1398              	.LLST11:
 1399 0214 00000000 		.4byte	.LFB11
 1400 0218 02000000 		.4byte	.LCFI26
 1401 021c 0200     		.2byte	0x2
 1402 021e 7D       		.byte	0x7d
 1403 021f 00       		.sleb128 0
 1404 0220 02000000 		.4byte	.LCFI26
 1405 0224 04000000 		.4byte	.LCFI27
 1406 0228 0200     		.2byte	0x2
 1407 022a 7D       		.byte	0x7d
 1408 022b 08       		.sleb128 8
 1409 022c 04000000 		.4byte	.LCFI27
 1410 0230 14000000 		.4byte	.LFE11
 1411 0234 0200     		.2byte	0x2
 1412 0236 77       		.byte	0x77
 1413 0237 08       		.sleb128 8
 1414 0238 00000000 		.4byte	0
 1415 023c 00000000 		.4byte	0
 1416              	.LLST12:
 1417 0240 00000000 		.4byte	.LFB12
 1418 0244 02000000 		.4byte	.LCFI28
 1419 0248 0200     		.2byte	0x2
ARM GAS  C:\Users\Jared\AppData\Local\Temp\cc850TPn.s 			page 32


 1420 024a 7D       		.byte	0x7d
 1421 024b 00       		.sleb128 0
 1422 024c 02000000 		.4byte	.LCFI28
 1423 0250 04000000 		.4byte	.LCFI29
 1424 0254 0200     		.2byte	0x2
 1425 0256 7D       		.byte	0x7d
 1426 0257 08       		.sleb128 8
 1427 0258 04000000 		.4byte	.LCFI29
 1428 025c 14000000 		.4byte	.LFE12
 1429 0260 0200     		.2byte	0x2
 1430 0262 77       		.byte	0x77
 1431 0263 08       		.sleb128 8
 1432 0264 00000000 		.4byte	0
 1433 0268 00000000 		.4byte	0
 1434              		.section	.debug_aranges,"",%progbits
 1435 0000 7C000000 		.4byte	0x7c
 1436 0004 0200     		.2byte	0x2
 1437 0006 00000000 		.4byte	.Ldebug_info0
 1438 000a 04       		.byte	0x4
 1439 000b 00       		.byte	0
 1440 000c 0000     		.2byte	0
 1441 000e 0000     		.2byte	0
 1442 0010 00000000 		.4byte	.LFB0
 1443 0014 24000000 		.4byte	.LFE0-.LFB0
 1444 0018 00000000 		.4byte	.LFB1
 1445 001c 24000000 		.4byte	.LFE1-.LFB1
 1446 0020 00000000 		.4byte	.LFB2
 1447 0024 18000000 		.4byte	.LFE2-.LFB2
 1448 0028 00000000 		.4byte	.LFB3
 1449 002c 0C000000 		.4byte	.LFE3-.LFB3
 1450 0030 00000000 		.4byte	.LFB4
 1451 0034 18000000 		.4byte	.LFE4-.LFB4
 1452 0038 00000000 		.4byte	.LFB5
 1453 003c 14000000 		.4byte	.LFE5-.LFB5
 1454 0040 00000000 		.4byte	.LFB6
 1455 0044 50000000 		.4byte	.LFE6-.LFB6
 1456 0048 00000000 		.4byte	.LFB7
 1457 004c 30000000 		.4byte	.LFE7-.LFB7
 1458 0050 00000000 		.4byte	.LFB8
 1459 0054 14000000 		.4byte	.LFE8-.LFB8
 1460 0058 00000000 		.4byte	.LFB9
 1461 005c 20000000 		.4byte	.LFE9-.LFB9
 1462 0060 00000000 		.4byte	.LFB10
 1463 0064 14000000 		.4byte	.LFE10-.LFB10
 1464 0068 00000000 		.4byte	.LFB11
 1465 006c 14000000 		.4byte	.LFE11-.LFB11
 1466 0070 00000000 		.4byte	.LFB12
 1467 0074 14000000 		.4byte	.LFE12-.LFB12
 1468 0078 00000000 		.4byte	0
 1469 007c 00000000 		.4byte	0
 1470              		.section	.debug_ranges,"",%progbits
 1471              	.Ldebug_ranges0:
 1472 0000 00000000 		.4byte	.LFB0
 1473 0004 24000000 		.4byte	.LFE0
 1474 0008 00000000 		.4byte	.LFB1
 1475 000c 24000000 		.4byte	.LFE1
 1476 0010 00000000 		.4byte	.LFB2
ARM GAS  C:\Users\Jared\AppData\Local\Temp\cc850TPn.s 			page 33


 1477 0014 18000000 		.4byte	.LFE2
 1478 0018 00000000 		.4byte	.LFB3
 1479 001c 0C000000 		.4byte	.LFE3
 1480 0020 00000000 		.4byte	.LFB4
 1481 0024 18000000 		.4byte	.LFE4
 1482 0028 00000000 		.4byte	.LFB5
 1483 002c 14000000 		.4byte	.LFE5
 1484 0030 00000000 		.4byte	.LFB6
 1485 0034 50000000 		.4byte	.LFE6
 1486 0038 00000000 		.4byte	.LFB7
 1487 003c 30000000 		.4byte	.LFE7
 1488 0040 00000000 		.4byte	.LFB8
 1489 0044 14000000 		.4byte	.LFE8
 1490 0048 00000000 		.4byte	.LFB9
 1491 004c 20000000 		.4byte	.LFE9
 1492 0050 00000000 		.4byte	.LFB10
 1493 0054 14000000 		.4byte	.LFE10
 1494 0058 00000000 		.4byte	.LFB11
 1495 005c 14000000 		.4byte	.LFE11
 1496 0060 00000000 		.4byte	.LFB12
 1497 0064 14000000 		.4byte	.LFE12
 1498 0068 00000000 		.4byte	0
 1499 006c 00000000 		.4byte	0
 1500              		.section	.debug_line,"",%progbits
 1501              	.Ldebug_line0:
 1502 0000 57010000 		.section	.debug_str,"MS",%progbits,1
 1502      02004A00 
 1502      00000201 
 1502      FB0E0D00 
 1502      01010101 
 1503              	.LASF17:
 1504 0000 4953525F 		.ascii	"ISR_UART_Rx_Start\000"
 1504      55415254 
 1504      5F52785F 
 1504      53746172 
 1504      7400
 1505              	.LASF14:
 1506 0012 72656733 		.ascii	"reg32\000"
 1506      3200
 1507              	.LASF21:
 1508 0018 4953525F 		.ascii	"ISR_UART_Rx_SetVector\000"
 1508      55415254 
 1508      5F52785F 
 1508      53657456 
 1508      6563746F 
 1509              	.LASF37:
 1510 002e 43795261 		.ascii	"CyRamVectors\000"
 1510      6D566563 
 1510      746F7273 
 1510      00
 1511              	.LASF3:
 1512 003b 73686F72 		.ascii	"short unsigned int\000"
 1512      7420756E 
 1512      7369676E 
 1512      65642069 
 1512      6E7400
 1513              	.LASF36:
ARM GAS  C:\Users\Jared\AppData\Local\Temp\cc850TPn.s 			page 34


 1514 004e 4953525F 		.ascii	"ISR_UART_Rx_GetPriority\000"
 1514      55415254 
 1514      5F52785F 
 1514      47657450 
 1514      72696F72 
 1515              	.LASF11:
 1516 0066 666C6F61 		.ascii	"float\000"
 1516      7400
 1517              	.LASF1:
 1518 006c 756E7369 		.ascii	"unsigned char\000"
 1518      676E6564 
 1518      20636861 
 1518      7200
 1519              	.LASF18:
 1520 007a 4953525F 		.ascii	"ISR_UART_Rx_Stop\000"
 1520      55415254 
 1520      5F52785F 
 1520      53746F70 
 1520      00
 1521              	.LASF34:
 1522 008b 2E5C4765 		.ascii	".\\Generated_Source\\PSoC4\\ISR_UART_Rx.c\000"
 1522      6E657261 
 1522      7465645F 
 1522      536F7572 
 1522      63655C50 
 1523              	.LASF25:
 1524 00b2 696E7465 		.ascii	"interruptState\000"
 1524      72727570 
 1524      74537461 
 1524      746500
 1525              	.LASF5:
 1526 00c1 6C6F6E67 		.ascii	"long unsigned int\000"
 1526      20756E73 
 1526      69676E65 
 1526      6420696E 
 1526      7400
 1527              	.LASF9:
 1528 00d3 75696E74 		.ascii	"uint8\000"
 1528      3800
 1529              	.LASF27:
 1530 00d9 4953525F 		.ascii	"ISR_UART_Rx_Enable\000"
 1530      55415254 
 1530      5F52785F 
 1530      456E6162 
 1530      6C6500
 1531              	.LASF28:
 1532 00ec 4953525F 		.ascii	"ISR_UART_Rx_GetVector\000"
 1532      55415254 
 1532      5F52785F 
 1532      47657456 
 1532      6563746F 
 1533              	.LASF24:
 1534 0102 7072696F 		.ascii	"priority\000"
 1534      72697479 
 1534      00
 1535              	.LASF19:
 1536 010b 4953525F 		.ascii	"ISR_UART_Rx_Interrupt\000"
ARM GAS  C:\Users\Jared\AppData\Local\Temp\cc850TPn.s 			page 35


 1536      55415254 
 1536      5F52785F 
 1536      496E7465 
 1536      72727570 
 1537              	.LASF12:
 1538 0121 646F7562 		.ascii	"double\000"
 1538      6C6500
 1539              	.LASF23:
 1540 0128 4953525F 		.ascii	"ISR_UART_Rx_SetPriority\000"
 1540      55415254 
 1540      5F52785F 
 1540      53657450 
 1540      72696F72 
 1541              	.LASF31:
 1542 0140 4953525F 		.ascii	"ISR_UART_Rx_SetPending\000"
 1542      55415254 
 1542      5F52785F 
 1542      53657450 
 1542      656E6469 
 1543              	.LASF10:
 1544 0157 75696E74 		.ascii	"uint32\000"
 1544      333200
 1545              	.LASF32:
 1546 015e 4953525F 		.ascii	"ISR_UART_Rx_ClearPending\000"
 1546      55415254 
 1546      5F52785F 
 1546      436C6561 
 1546      7250656E 
 1547              	.LASF8:
 1548 0177 756E7369 		.ascii	"unsigned int\000"
 1548      676E6564 
 1548      20696E74 
 1548      00
 1549              	.LASF22:
 1550 0184 61646472 		.ascii	"address\000"
 1550      65737300 
 1551              	.LASF7:
 1552 018c 6C6F6E67 		.ascii	"long long unsigned int\000"
 1552      206C6F6E 
 1552      6720756E 
 1552      7369676E 
 1552      65642069 
 1553              	.LASF15:
 1554 01a3 63796973 		.ascii	"cyisraddress\000"
 1554      72616464 
 1554      72657373 
 1554      00
 1555              	.LASF16:
 1556 01b0 73697A65 		.ascii	"sizetype\000"
 1556      74797065 
 1556      00
 1557              	.LASF6:
 1558 01b9 6C6F6E67 		.ascii	"long long int\000"
 1558      206C6F6E 
 1558      6720696E 
 1558      7400
 1559              	.LASF20:
ARM GAS  C:\Users\Jared\AppData\Local\Temp\cc850TPn.s 			page 36


 1560 01c7 4953525F 		.ascii	"ISR_UART_Rx_StartEx\000"
 1560      55415254 
 1560      5F52785F 
 1560      53746172 
 1560      74457800 
 1561              	.LASF13:
 1562 01db 63686172 		.ascii	"char\000"
 1562      00
 1563              	.LASF2:
 1564 01e0 73686F72 		.ascii	"short int\000"
 1564      7420696E 
 1564      7400
 1565              	.LASF33:
 1566 01ea 474E5520 		.ascii	"GNU C 4.7.3 20130312 (release) [ARM/embedded-4_7-br"
 1566      4320342E 
 1566      372E3320 
 1566      32303133 
 1566      30333132 
 1567 021d 616E6368 		.ascii	"anch revision 196615]\000"
 1567      20726576 
 1567      6973696F 
 1567      6E203139 
 1567      36363135 
 1568              	.LASF26:
 1569 0233 7072696F 		.ascii	"priorityOffset\000"
 1569      72697479 
 1569      4F666673 
 1569      657400
 1570              	.LASF4:
 1571 0242 6C6F6E67 		.ascii	"long int\000"
 1571      20696E74 
 1571      00
 1572              	.LASF30:
 1573 024b 4953525F 		.ascii	"ISR_UART_Rx_Disable\000"
 1573      55415254 
 1573      5F52785F 
 1573      44697361 
 1573      626C6500 
 1574              	.LASF35:
 1575 025f 433A5C55 		.ascii	"C:\\Users\\Jared\\Documents\\PSoC Creator\\Workspac"
 1575      73657273 
 1575      5C4A6172 
 1575      65645C44 
 1575      6F63756D 
 1576 028d 65315C42 		.ascii	"e1\\Buttons.cydsn\000"
 1576      7574746F 
 1576      6E732E63 
 1576      7964736E 
 1576      00
 1577              	.LASF0:
 1578 029e 7369676E 		.ascii	"signed char\000"
 1578      65642063 
 1578      68617200 
 1579              	.LASF29:
 1580 02aa 4953525F 		.ascii	"ISR_UART_Rx_GetState\000"
 1580      55415254 
 1580      5F52785F 
ARM GAS  C:\Users\Jared\AppData\Local\Temp\cc850TPn.s 			page 37


 1580      47657453 
 1580      74617465 
 1581              		.ident	"GCC: (GNU Tools for ARM Embedded Processors) 4.7.3 20130312 (release) [ARM/embedded-4_7-br
