Archive member included because of file (symbol)

.\CortexM0\ARM_GCC_441\Debug\PSoC4_printf.a(UART.o)
                              .\CortexM0\ARM_GCC_441\Debug\main.o (UART_Start)
.\CortexM0\ARM_GCC_441\Debug\PSoC4_printf.a(UART_SPI_UART.o)
                              .\CortexM0\ARM_GCC_441\Debug\main.o (UART_SpiUartWriteTxData)
.\CortexM0\ARM_GCC_441\Debug\PSoC4_printf.a(UART_UART.o)
                              .\CortexM0\ARM_GCC_441\Debug\PSoC4_printf.a(UART.o) (UART_UartInit)
.\CortexM0\ARM_GCC_441\Debug\PSoC4_printf.a(tinyprintf_printf.o)
                              .\CortexM0\ARM_GCC_441\Debug\main.o (init_printf)
.\CortexM0\ARM_GCC_441\Debug\PSoC4_printf.a(cyfitter_cfg.o)
                              .\CortexM0\ARM_GCC_441\Debug\Cm0Start.o (cyfitter_cfg)
.\CortexM0\ARM_GCC_441\Debug\PSoC4_printf.a(CyBootAsmGnu.o)
                              .\CortexM0\ARM_GCC_441\Debug\PSoC4_printf.a(cyfitter_cfg.o) (CyDelayCycles)
.\CortexM0\ARM_GCC_441\Debug\PSoC4_printf.a(CyLib.o)
                              .\CortexM0\ARM_GCC_441\Debug\PSoC4_printf.a(cyfitter_cfg.o) (CyDelayUs)
c:/program files/cypress/psoc creator/2.2/psoc creator/import/gnu_cs/arm/4.4.1/bin/../lib/gcc/arm-none-eabi/4.4.1/armv6-m\libgcc.a(_udivsi3.o)
                              .\CortexM0\ARM_GCC_441\Debug\PSoC4_printf.a(tinyprintf_printf.o) (__aeabi_uidiv)
c:/program files/cypress/psoc creator/2.2/psoc creator/import/gnu_cs/arm/4.4.1/bin/../lib/gcc/arm-none-eabi/4.4.1/armv6-m\libgcc.a(_dvmd_tls.o)
                              c:/program files/cypress/psoc creator/2.2/psoc creator/import/gnu_cs/arm/4.4.1/bin/../lib/gcc/arm-none-eabi/4.4.1/armv6-m\libgcc.a(_udivsi3.o) (__aeabi_idiv0)
c:/program files/cypress/psoc creator/2.2/psoc creator/import/gnu_cs/arm/4.4.1/bin/../lib/gcc/arm-none-eabi/4.4.1/../../../../arm-none-eabi/lib/armv6-m\libc.a(lib_a-memcpy.o)
                              .\CortexM0\ARM_GCC_441\Debug\PSoC4_printf.a(cyfitter_cfg.o) (memcpy)
c:/program files/cypress/psoc creator/2.2/psoc creator/import/gnu_cs/arm/4.4.1/bin/../lib/gcc/arm-none-eabi/4.4.1/../../../../arm-none-eabi/lib/armv6-m\libc.a(lib_a-memset.o)
                              .\CortexM0\ARM_GCC_441\Debug\PSoC4_printf.a(cyfitter_cfg.o) (memset)
c:/program files/cypress/psoc creator/2.2/psoc creator/import/gnu_cs/arm/4.4.1/bin/../lib/gcc/arm-none-eabi/4.4.1/../../../../arm-none-eabi/lib/armv6-m\libcs3.a(start_c.o)
                              (__cs3_start_c)
c:/program files/cypress/psoc creator/2.2/psoc creator/import/gnu_cs/arm/4.4.1/bin/../lib/gcc/arm-none-eabi/4.4.1/../../../../arm-none-eabi/lib/armv6-m\libcs3micro.a(micro_isr_interrupt.o)
                              (__cs3_isr_nmi)
c:/program files/cypress/psoc creator/2.2/psoc creator/import/gnu_cs/arm/4.4.1/bin/../lib/gcc/arm-none-eabi/4.4.1/../../../../arm-none-eabi/lib/armv6-m\libc.a(lib_a-init.o)
                              c:/program files/cypress/psoc creator/2.2/psoc creator/import/gnu_cs/arm/4.4.1/bin/../lib/gcc/arm-none-eabi/4.4.1/../../../../arm-none-eabi/lib/armv6-m\libcs3.a(start_c.o) (__libc_init_array)

Discarded input sections

 .text          0x00000000        0x0 c:/program files/cypress/psoc creator/2.2/psoc creator/import/gnu_cs/arm/4.4.1/bin/../lib/gcc/arm-none-eabi/4.4.1/armv6-m/crti.o
 .data          0x00000000        0x0 c:/program files/cypress/psoc creator/2.2/psoc creator/import/gnu_cs/arm/4.4.1/bin/../lib/gcc/arm-none-eabi/4.4.1/armv6-m/crti.o
 .bss           0x00000000        0x0 c:/program files/cypress/psoc creator/2.2/psoc creator/import/gnu_cs/arm/4.4.1/bin/../lib/gcc/arm-none-eabi/4.4.1/armv6-m/crti.o
 .data          0x00000000        0x4 c:/program files/cypress/psoc creator/2.2/psoc creator/import/gnu_cs/arm/4.4.1/bin/../lib/gcc/arm-none-eabi/4.4.1/armv6-m/crtbegin.o
 .text          0x00000000        0x0 .\CortexM0\ARM_GCC_441\Debug\main.o
 .data          0x00000000        0x0 .\CortexM0\ARM_GCC_441\Debug\main.o
 .bss           0x00000000        0x0 .\CortexM0\ARM_GCC_441\Debug\main.o
 .text          0x00000000        0x0 .\CortexM0\ARM_GCC_441\Debug\Cm0Start.o
 .data          0x00000000        0x0 .\CortexM0\ARM_GCC_441\Debug\Cm0Start.o
 .bss           0x00000000        0x0 .\CortexM0\ARM_GCC_441\Debug\Cm0Start.o
 .text          0x00000000        0x0 .\CortexM0\ARM_GCC_441\Debug\PSoC4_printf.a(UART.o)
 .data          0x00000000        0x0 .\CortexM0\ARM_GCC_441\Debug\PSoC4_printf.a(UART.o)
 .text.UART_Stop
                0x00000000       0x1c .\CortexM0\ARM_GCC_441\Debug\PSoC4_printf.a(UART.o)
 .text.UART_SetCustomInterruptHandler
                0x00000000       0x18 .\CortexM0\ARM_GCC_441\Debug\PSoC4_printf.a(UART.o)
 .text.UART_ScbModeStop
                0x00000000        0x8 .\CortexM0\ARM_GCC_441\Debug\PSoC4_printf.a(UART.o)
 .text          0x00000000        0x0 .\CortexM0\ARM_GCC_441\Debug\PSoC4_printf.a(UART_SPI_UART.o)
 .data          0x00000000        0x0 .\CortexM0\ARM_GCC_441\Debug\PSoC4_printf.a(UART_SPI_UART.o)
 .bss           0x00000000        0x0 .\CortexM0\ARM_GCC_441\Debug\PSoC4_printf.a(UART_SPI_UART.o)
 .text.UART_SpiUartReadRxData
                0x00000000       0x20 .\CortexM0\ARM_GCC_441\Debug\PSoC4_printf.a(UART_SPI_UART.o)
 .text.UART_SpiUartGetRxBufferSize
                0x00000000       0x20 .\CortexM0\ARM_GCC_441\Debug\PSoC4_printf.a(UART_SPI_UART.o)
 .text.UART_SpiUartClearRxBuffer
                0x00000000       0x2c .\CortexM0\ARM_GCC_441\Debug\PSoC4_printf.a(UART_SPI_UART.o)
 .text.UART_SpiUartPutArray
                0x00000000       0x34 .\CortexM0\ARM_GCC_441\Debug\PSoC4_printf.a(UART_SPI_UART.o)
 .text.UART_SpiUartGetTxBufferSize
                0x00000000       0x20 .\CortexM0\ARM_GCC_441\Debug\PSoC4_printf.a(UART_SPI_UART.o)
 .text.UART_SpiUartClearTxBuffer
                0x00000000       0x2c .\CortexM0\ARM_GCC_441\Debug\PSoC4_printf.a(UART_SPI_UART.o)
 .text.UART_SpiUartDisableIntRx
                0x00000000       0x20 .\CortexM0\ARM_GCC_441\Debug\PSoC4_printf.a(UART_SPI_UART.o)
 .text.UART_SpiUartDisableIntTx
                0x00000000       0x20 .\CortexM0\ARM_GCC_441\Debug\PSoC4_printf.a(UART_SPI_UART.o)
 .text          0x00000000        0x0 .\CortexM0\ARM_GCC_441\Debug\PSoC4_printf.a(UART_UART.o)
 .data          0x00000000        0x0 .\CortexM0\ARM_GCC_441\Debug\PSoC4_printf.a(UART_UART.o)
 .bss           0x00000000        0x0 .\CortexM0\ARM_GCC_441\Debug\PSoC4_printf.a(UART_UART.o)
 .text.UART_UartSetRxAddress
                0x00000000       0x34 .\CortexM0\ARM_GCC_441\Debug\PSoC4_printf.a(UART_UART.o)
 .text.UART_UartSetRxAddressMask
                0x00000000       0x34 .\CortexM0\ARM_GCC_441\Debug\PSoC4_printf.a(UART_UART.o)
 .text.UART_UartGetChar
                0x00000000       0x44 .\CortexM0\ARM_GCC_441\Debug\PSoC4_printf.a(UART_UART.o)
 .text.UART_UartGetByte
                0x00000000       0x68 .\CortexM0\ARM_GCC_441\Debug\PSoC4_printf.a(UART_UART.o)
 .text.UART_UartPutCRLF
                0x00000000       0x24 .\CortexM0\ARM_GCC_441\Debug\PSoC4_printf.a(UART_UART.o)
 .text.UART_UartSaveConfig
                0x00000000        0x8 .\CortexM0\ARM_GCC_441\Debug\PSoC4_printf.a(UART_UART.o)
 .text.UART_UartRestoreConfig
                0x00000000        0x8 .\CortexM0\ARM_GCC_441\Debug\PSoC4_printf.a(UART_UART.o)
 .text          0x00000000        0x0 .\CortexM0\ARM_GCC_441\Debug\PSoC4_printf.a(tinyprintf_printf.o)
 .data          0x00000000        0x0 .\CortexM0\ARM_GCC_441\Debug\PSoC4_printf.a(tinyprintf_printf.o)
 .text          0x00000000        0x0 .\CortexM0\ARM_GCC_441\Debug\PSoC4_printf.a(cyfitter_cfg.o)
 .bss           0x00000000        0x0 .\CortexM0\ARM_GCC_441\Debug\PSoC4_printf.a(cyfitter_cfg.o)
 .text.CYCONFIGCPY
                0x00000000       0x24 .\CortexM0\ARM_GCC_441\Debug\PSoC4_printf.a(cyfitter_cfg.o)
 .text.CYCONFIGCPYCODE
                0x00000000       0x24 .\CortexM0\ARM_GCC_441\Debug\PSoC4_printf.a(cyfitter_cfg.o)
 .data          0x00000000        0x0 .\CortexM0\ARM_GCC_441\Debug\PSoC4_printf.a(CyBootAsmGnu.o)
 .bss           0x00000000        0x0 .\CortexM0\ARM_GCC_441\Debug\PSoC4_printf.a(CyBootAsmGnu.o)
 .text          0x00000000        0x0 .\CortexM0\ARM_GCC_441\Debug\PSoC4_printf.a(CyLib.o)
 .bss           0x00000000        0x0 .\CortexM0\ARM_GCC_441\Debug\PSoC4_printf.a(CyLib.o)
 .text.CySysClkImoStart
                0x00000000       0x1c .\CortexM0\ARM_GCC_441\Debug\PSoC4_printf.a(CyLib.o)
 .text.CySysClkImoStop
                0x00000000       0x18 .\CortexM0\ARM_GCC_441\Debug\PSoC4_printf.a(CyLib.o)
 .text.CySysClkIloStart
                0x00000000       0x1c .\CortexM0\ARM_GCC_441\Debug\PSoC4_printf.a(CyLib.o)
 .text.CySysClkIloStop
                0x00000000       0x18 .\CortexM0\ARM_GCC_441\Debug\PSoC4_printf.a(CyLib.o)
 .text.CySysClkWriteHfclkDirect
                0x00000000       0x2c .\CortexM0\ARM_GCC_441\Debug\PSoC4_printf.a(CyLib.o)
 .text.CySysClkWriteSysclkDiv
                0x00000000       0x2c .\CortexM0\ARM_GCC_441\Debug\PSoC4_printf.a(CyLib.o)
 .text.CySysClkWriteImoFreq
                0x00000000      0x200 .\CortexM0\ARM_GCC_441\Debug\PSoC4_printf.a(CyLib.o)
 .text.CySysWdtLock
                0x00000000       0x44 .\CortexM0\ARM_GCC_441\Debug\PSoC4_printf.a(CyLib.o)
 .text.CySysWdtUnlock
                0x00000000       0x60 .\CortexM0\ARM_GCC_441\Debug\PSoC4_printf.a(CyLib.o)
 .text.CySysWdtReadEnabledStatus
                0x00000000       0x30 .\CortexM0\ARM_GCC_441\Debug\PSoC4_printf.a(CyLib.o)
 .text.CySysWdtWriteMode
                0x00000000       0x70 .\CortexM0\ARM_GCC_441\Debug\PSoC4_printf.a(CyLib.o)
 .text.CySysWdtReadMode
                0x00000000       0x24 .\CortexM0\ARM_GCC_441\Debug\PSoC4_printf.a(CyLib.o)
 .text.CySysWdtWriteClearOnMatch
                0x00000000       0x60 .\CortexM0\ARM_GCC_441\Debug\PSoC4_printf.a(CyLib.o)
 .text.CySysWdtReadClearOnMatch
                0x00000000       0x38 .\CortexM0\ARM_GCC_441\Debug\PSoC4_printf.a(CyLib.o)
 .text.CySysWdtEnable
                0x00000000       0x30 .\CortexM0\ARM_GCC_441\Debug\PSoC4_printf.a(CyLib.o)
 .text.CySysWdtDisable
                0x00000000       0x30 .\CortexM0\ARM_GCC_441\Debug\PSoC4_printf.a(CyLib.o)
 .text.CySysWdtWriteCascade
                0x00000000       0x68 .\CortexM0\ARM_GCC_441\Debug\PSoC4_printf.a(CyLib.o)
 .text.CySysWdtReadCascade
                0x00000000       0x1c .\CortexM0\ARM_GCC_441\Debug\PSoC4_printf.a(CyLib.o)
 .text.CySysWdtWriteMatch
                0x00000000       0x6c .\CortexM0\ARM_GCC_441\Debug\PSoC4_printf.a(CyLib.o)
 .text.CySysWdtWriteToggleBit
                0x00000000       0x54 .\CortexM0\ARM_GCC_441\Debug\PSoC4_printf.a(CyLib.o)
 .text.CySysWdtReadToggleBit
                0x00000000       0x18 .\CortexM0\ARM_GCC_441\Debug\PSoC4_printf.a(CyLib.o)
 .text.CySysWdtReadMatch
                0x00000000       0x38 .\CortexM0\ARM_GCC_441\Debug\PSoC4_printf.a(CyLib.o)
 .text.CySysWdtReadCount
                0x00000000       0x54 .\CortexM0\ARM_GCC_441\Debug\PSoC4_printf.a(CyLib.o)
 .text.CySysWdtGetInterruptSource
                0x00000000       0x1c .\CortexM0\ARM_GCC_441\Debug\PSoC4_printf.a(CyLib.o)
 .text.CySysWdtClearInterrupt
                0x00000000       0xac .\CortexM0\ARM_GCC_441\Debug\PSoC4_printf.a(CyLib.o)
 .text.CySysWdtResetCounters
                0x00000000       0x38 .\CortexM0\ARM_GCC_441\Debug\PSoC4_printf.a(CyLib.o)
 .text.CySysLvdEnable
                0x00000000       0x48 .\CortexM0\ARM_GCC_441\Debug\PSoC4_printf.a(CyLib.o)
 .text.CySysLvdDisable
                0x00000000       0x28 .\CortexM0\ARM_GCC_441\Debug\PSoC4_printf.a(CyLib.o)
 .text.CySysLvdGetInterruptSource
                0x00000000       0x18 .\CortexM0\ARM_GCC_441\Debug\PSoC4_printf.a(CyLib.o)
 .text.CySysLvdClearInterrupt
                0x00000000       0x14 .\CortexM0\ARM_GCC_441\Debug\PSoC4_printf.a(CyLib.o)
 .text.CyDisableInts
                0x00000000       0x24 .\CortexM0\ARM_GCC_441\Debug\PSoC4_printf.a(CyLib.o)
 .text.CyEnableInts
                0x00000000       0x18 .\CortexM0\ARM_GCC_441\Debug\PSoC4_printf.a(CyLib.o)
 .text.CyIntSetSysVector
                0x00000000       0x48 .\CortexM0\ARM_GCC_441\Debug\PSoC4_printf.a(CyLib.o)
 .text.CyIntGetSysVector
                0x00000000       0x34 .\CortexM0\ARM_GCC_441\Debug\PSoC4_printf.a(CyLib.o)
 .text.CyIntSetVector
                0x00000000       0x4c .\CortexM0\ARM_GCC_441\Debug\PSoC4_printf.a(CyLib.o)
 .text.CyIntGetVector
                0x00000000       0x38 .\CortexM0\ARM_GCC_441\Debug\PSoC4_printf.a(CyLib.o)
 .text.CyIntSetPriority
                0x00000000       0xa8 .\CortexM0\ARM_GCC_441\Debug\PSoC4_printf.a(CyLib.o)
 .text.CyIntGetPriority
                0x00000000       0x54 .\CortexM0\ARM_GCC_441\Debug\PSoC4_printf.a(CyLib.o)
 .text.CyIntEnable
                0x00000000       0x2c .\CortexM0\ARM_GCC_441\Debug\PSoC4_printf.a(CyLib.o)
 .text.CyIntGetState
                0x00000000       0x3c .\CortexM0\ARM_GCC_441\Debug\PSoC4_printf.a(CyLib.o)
 .text.CyIntDisable
                0x00000000       0x2c .\CortexM0\ARM_GCC_441\Debug\PSoC4_printf.a(CyLib.o)
 .text.CyIntSetPending
                0x00000000       0x2c .\CortexM0\ARM_GCC_441\Debug\PSoC4_printf.a(CyLib.o)
 .text.CyIntClearPending
                0x00000000       0x2c .\CortexM0\ARM_GCC_441\Debug\PSoC4_printf.a(CyLib.o)
 .text.CyHalt   0x00000000       0x14 .\CortexM0\ARM_GCC_441\Debug\PSoC4_printf.a(CyLib.o)
 .text.CySoftwareReset
                0x00000000       0x20 .\CortexM0\ARM_GCC_441\Debug\PSoC4_printf.a(CyLib.o)
 .text.CyDelay  0x00000000       0x48 .\CortexM0\ARM_GCC_441\Debug\PSoC4_printf.a(CyLib.o)
 .text.CyDelayFreq
                0x00000000       0x80 .\CortexM0\ARM_GCC_441\Debug\PSoC4_printf.a(CyLib.o)
 .rodata        0x00000000       0x30 .\CortexM0\ARM_GCC_441\Debug\PSoC4_printf.a(CyLib.o)
 .data          0x00000000        0x0 c:/program files/cypress/psoc creator/2.2/psoc creator/import/gnu_cs/arm/4.4.1/bin/../lib/gcc/arm-none-eabi/4.4.1/armv6-m\libgcc.a(_udivsi3.o)
 .bss           0x00000000        0x0 c:/program files/cypress/psoc creator/2.2/psoc creator/import/gnu_cs/arm/4.4.1/bin/../lib/gcc/arm-none-eabi/4.4.1/armv6-m\libgcc.a(_udivsi3.o)
 .data          0x00000000        0x0 c:/program files/cypress/psoc creator/2.2/psoc creator/import/gnu_cs/arm/4.4.1/bin/../lib/gcc/arm-none-eabi/4.4.1/armv6-m\libgcc.a(_dvmd_tls.o)
 .bss           0x00000000        0x0 c:/program files/cypress/psoc creator/2.2/psoc creator/import/gnu_cs/arm/4.4.1/bin/../lib/gcc/arm-none-eabi/4.4.1/armv6-m\libgcc.a(_dvmd_tls.o)
 .text          0x00000000      0x100 c:/program files/cypress/psoc creator/2.2/psoc creator/import/gnu_cs/arm/4.4.1/bin/../lib/gcc/arm-none-eabi/4.4.1/../../../../arm-none-eabi/lib/armv6-m\libc.a(lib_a-memcpy.o)
 .data          0x00000000        0x0 c:/program files/cypress/psoc creator/2.2/psoc creator/import/gnu_cs/arm/4.4.1/bin/../lib/gcc/arm-none-eabi/4.4.1/../../../../arm-none-eabi/lib/armv6-m\libc.a(lib_a-memcpy.o)
 .bss           0x00000000        0x0 c:/program files/cypress/psoc creator/2.2/psoc creator/import/gnu_cs/arm/4.4.1/bin/../lib/gcc/arm-none-eabi/4.4.1/../../../../arm-none-eabi/lib/armv6-m\libc.a(lib_a-memcpy.o)
 .data          0x00000000        0x0 c:/program files/cypress/psoc creator/2.2/psoc creator/import/gnu_cs/arm/4.4.1/bin/../lib/gcc/arm-none-eabi/4.4.1/../../../../arm-none-eabi/lib/armv6-m\libc.a(lib_a-memset.o)
 .bss           0x00000000        0x0 c:/program files/cypress/psoc creator/2.2/psoc creator/import/gnu_cs/arm/4.4.1/bin/../lib/gcc/arm-none-eabi/4.4.1/../../../../arm-none-eabi/lib/armv6-m\libc.a(lib_a-memset.o)
 .text          0x00000000        0x0 c:/program files/cypress/psoc creator/2.2/psoc creator/import/gnu_cs/arm/4.4.1/bin/../lib/gcc/arm-none-eabi/4.4.1/armv6-m/crtend.o
 .data          0x00000000        0x0 c:/program files/cypress/psoc creator/2.2/psoc creator/import/gnu_cs/arm/4.4.1/bin/../lib/gcc/arm-none-eabi/4.4.1/armv6-m/crtend.o
 .bss           0x00000000        0x0 c:/program files/cypress/psoc creator/2.2/psoc creator/import/gnu_cs/arm/4.4.1/bin/../lib/gcc/arm-none-eabi/4.4.1/armv6-m/crtend.o
 .text          0x00000000        0x0 c:/program files/cypress/psoc creator/2.2/psoc creator/import/gnu_cs/arm/4.4.1/bin/../lib/gcc/arm-none-eabi/4.4.1/armv6-m/crtn.o
 .data          0x00000000        0x0 c:/program files/cypress/psoc creator/2.2/psoc creator/import/gnu_cs/arm/4.4.1/bin/../lib/gcc/arm-none-eabi/4.4.1/armv6-m/crtn.o
 .bss           0x00000000        0x0 c:/program files/cypress/psoc creator/2.2/psoc creator/import/gnu_cs/arm/4.4.1/bin/../lib/gcc/arm-none-eabi/4.4.1/armv6-m/crtn.o
 .data          0x00000000        0x0 c:/program files/cypress/psoc creator/2.2/psoc creator/import/gnu_cs/arm/4.4.1/bin/../lib/gcc/arm-none-eabi/4.4.1/../../../../arm-none-eabi/lib/armv6-m\libcs3.a(start_c.o)
 .bss           0x00000000        0x0 c:/program files/cypress/psoc creator/2.2/psoc creator/import/gnu_cs/arm/4.4.1/bin/../lib/gcc/arm-none-eabi/4.4.1/../../../../arm-none-eabi/lib/armv6-m\libcs3.a(start_c.o)
 .data          0x00000000        0x0 c:/program files/cypress/psoc creator/2.2/psoc creator/import/gnu_cs/arm/4.4.1/bin/../lib/gcc/arm-none-eabi/4.4.1/../../../../arm-none-eabi/lib/armv6-m\libcs3micro.a(micro_isr_interrupt.o)
 .bss           0x00000000        0x0 c:/program files/cypress/psoc creator/2.2/psoc creator/import/gnu_cs/arm/4.4.1/bin/../lib/gcc/arm-none-eabi/4.4.1/../../../../arm-none-eabi/lib/armv6-m\libcs3micro.a(micro_isr_interrupt.o)
 .data          0x00000000        0x0 c:/program files/cypress/psoc creator/2.2/psoc creator/import/gnu_cs/arm/4.4.1/bin/../lib/gcc/arm-none-eabi/4.4.1/../../../../arm-none-eabi/lib/armv6-m\libc.a(lib_a-init.o)
 .bss           0x00000000        0x0 c:/program files/cypress/psoc creator/2.2/psoc creator/import/gnu_cs/arm/4.4.1/bin/../lib/gcc/arm-none-eabi/4.4.1/../../../../arm-none-eabi/lib/armv6-m\libc.a(lib_a-init.o)

Memory Configuration

Name             Origin             Length             Attributes
rom              0x00000000         0x00008000         xr
ram              0x20000000         0x00000b00         xrw
*default*        0x00000000         0xffffffff

Linker script and memory map

LOAD c:/program files/cypress/psoc creator/2.2/psoc creator/import/gnu_cs/arm/4.4.1/bin/../lib/gcc/arm-none-eabi/4.4.1/armv6-m/crti.o
LOAD c:/program files/cypress/psoc creator/2.2/psoc creator/import/gnu_cs/arm/4.4.1/bin/../lib/gcc/arm-none-eabi/4.4.1/armv6-m/crtbegin.o
START GROUP
LOAD .\CortexM0\ARM_GCC_441\Debug\main.o
LOAD .\CortexM0\ARM_GCC_441\Debug\Cm0Start.o
LOAD .\CortexM0\ARM_GCC_441\Debug\PSoC4_printf.a
LOAD C:\Program Files\Cypress\PSoC Creator\2.2\PSoC Creator\psoc\content\cycomponentlibrary\CyComponentLibrary.cylib\CortexM0\ARM_GCC_441\Debug\CyComponentLibrary.a
END GROUP
START GROUP
LOAD c:/program files/cypress/psoc creator/2.2/psoc creator/import/gnu_cs/arm/4.4.1/bin/../lib/gcc/arm-none-eabi/4.4.1/armv6-m\libgcc.a
LOAD c:/program files/cypress/psoc creator/2.2/psoc creator/import/gnu_cs/arm/4.4.1/bin/../lib/gcc/arm-none-eabi/4.4.1/../../../../arm-none-eabi/lib/armv6-m\libc.a
END GROUP
LOAD c:/program files/cypress/psoc creator/2.2/psoc creator/import/gnu_cs/arm/4.4.1/bin/../lib/gcc/arm-none-eabi/4.4.1/armv6-m/crtend.o
LOAD c:/program files/cypress/psoc creator/2.2/psoc creator/import/gnu_cs/arm/4.4.1/bin/../lib/gcc/arm-none-eabi/4.4.1/armv6-m/crtn.o
START GROUP
LOAD c:/program files/cypress/psoc creator/2.2/psoc creator/import/gnu_cs/arm/4.4.1/bin/../lib/gcc/arm-none-eabi/4.4.1/armv6-m\libgcc.a
LOAD c:/program files/cypress/psoc creator/2.2/psoc creator/import/gnu_cs/arm/4.4.1/bin/../lib/gcc/arm-none-eabi/4.4.1/../../../../arm-none-eabi/lib/armv6-m\libc.a
LOAD c:/program files/cypress/psoc creator/2.2/psoc creator/import/gnu_cs/arm/4.4.1/bin/../lib/gcc/arm-none-eabi/4.4.1/../../../../arm-none-eabi/lib/armv6-m\libcs3.a
LOAD c:/program files/cypress/psoc creator/2.2/psoc creator/import/gnu_cs/arm/4.4.1/bin/../lib/gcc/arm-none-eabi/4.4.1/../../../../arm-none-eabi/lib/armv6-m\libcs3unhosted.a
LOAD c:/program files/cypress/psoc creator/2.2/psoc creator/import/gnu_cs/arm/4.4.1/bin/../lib/gcc/arm-none-eabi/4.4.1/../../../../arm-none-eabi/lib/armv6-m\libcs3micro.a
END GROUP
                0x200000f8                PROVIDE (__cs3_heap_start, _end)
                0x00000001                PROVIDE (__cs3_region_num, ((__cs3_regions_end - __cs3_regions) / 0x14))
                0x20001000                PROVIDE (__cs3_stack, 0x20001000)
                0x20000c00                PROVIDE (__cs3_heap_end, (__cs3_stack - 0x400))

.text           0x00000000      0xe1c
 CREATE_OBJECT_SYMBOLS
                0x00000000                PROVIDE (__cs3_interrupt_vector, RomVectors)
 *(.romvectors)
 .romvectors    0x00000000       0x10 .\CortexM0\ARM_GCC_441\Debug\Cm0Start.o
                0x00000000                RomVectors
 *(.cs3.interrupt_vector)
                0x00000001                ASSERT ((. != __cs3_interrupt_vector), No interrupt vector)
                0x0000053c                PROVIDE (__cs3_reset, Reset)
 *(.cs3.reset)
                0x00000001                ASSERT ((. != __cs3_reset), No reset code)
 *(.text.cs3.init)
 .text.cs3.init
                0x00000010       0x50 c:/program files/cypress/psoc creator/2.2/psoc creator/import/gnu_cs/arm/4.4.1/bin/../lib/gcc/arm-none-eabi/4.4.1/../../../../arm-none-eabi/lib/armv6-m\libcs3.a(start_c.o)
                0x00000010                __cs3_start_c
 *(.psocinit)
 .psocinit      0x00000060      0x214 .\CortexM0\ARM_GCC_441\Debug\PSoC4_printf.a(cyfitter_cfg.o)
                0x00000198                cyfitter_cfg
                0x00000274                . = (. MAX 0x100)
 *(.text .text.* .gnu.linkonce.t.*)
 .text          0x00000274       0x30 c:/program files/cypress/psoc creator/2.2/psoc creator/import/gnu_cs/arm/4.4.1/bin/../lib/gcc/arm-none-eabi/4.4.1/armv6-m/crtbegin.o
 .text.putdata  0x000002a4       0x20 .\CortexM0\ARM_GCC_441\Debug\main.o
                0x000002a4                putdata
 .text.main     0x000002c4      0x270 .\CortexM0\ARM_GCC_441\Debug\main.o
                0x000002c4                main
 .text.IntDefaultHandler
                0x00000534        0x8 .\CortexM0\ARM_GCC_441\Debug\Cm0Start.o
                0x00000534                IntDefaultHandler
 .text.Reset    0x0000053c       0x10 .\CortexM0\ARM_GCC_441\Debug\Cm0Start.o
                0x0000053c                Reset
 .text.initialize_psoc
                0x0000054c       0x5c .\CortexM0\ARM_GCC_441\Debug\Cm0Start.o
                0x0000054c                initialize_psoc
 .text.UART_Init
                0x000005a8        0xc .\CortexM0\ARM_GCC_441\Debug\PSoC4_printf.a(UART.o)
                0x000005a8                UART_Init
 .text.UART_Enable
                0x000005b4       0x1c .\CortexM0\ARM_GCC_441\Debug\PSoC4_printf.a(UART.o)
                0x000005b4                UART_Enable
 .text.UART_Start
                0x000005d0       0x24 .\CortexM0\ARM_GCC_441\Debug\PSoC4_printf.a(UART.o)
                0x000005d0                UART_Start
 .text.UART_SpiUartWriteTxData
                0x000005f4       0x28 .\CortexM0\ARM_GCC_441\Debug\PSoC4_printf.a(UART_SPI_UART.o)
                0x000005f4                UART_SpiUartWriteTxData
 .text.UART_UartInit
                0x0000061c       0xa8 .\CortexM0\ARM_GCC_441\Debug\PSoC4_printf.a(UART_UART.o)
                0x0000061c                UART_UartInit
 .text.UART_UartPutString
                0x000006c4       0x34 .\CortexM0\ARM_GCC_441\Debug\PSoC4_printf.a(UART_UART.o)
                0x000006c4                UART_UartPutString
 .text.ui2a     0x000006f8       0xac .\CortexM0\ARM_GCC_441\Debug\PSoC4_printf.a(tinyprintf_printf.o)
 .text.i2a      0x000007a4       0x38 .\CortexM0\ARM_GCC_441\Debug\PSoC4_printf.a(tinyprintf_printf.o)
 .text.a2d      0x000007dc       0x60 .\CortexM0\ARM_GCC_441\Debug\PSoC4_printf.a(tinyprintf_printf.o)
 .text.a2i      0x0000083c       0x78 .\CortexM0\ARM_GCC_441\Debug\PSoC4_printf.a(tinyprintf_printf.o)
 .text.putchw   0x000008b4       0xb0 .\CortexM0\ARM_GCC_441\Debug\PSoC4_printf.a(tinyprintf_printf.o)
 .text.tfp_format
                0x00000964      0x1dc .\CortexM0\ARM_GCC_441\Debug\PSoC4_printf.a(tinyprintf_printf.o)
                0x00000964                tfp_format
 .text.init_printf
                0x00000b40       0x24 .\CortexM0\ARM_GCC_441\Debug\PSoC4_printf.a(tinyprintf_printf.o)
                0x00000b40                init_printf
 .text.tfp_printf
                0x00000b64       0x34 .\CortexM0\ARM_GCC_441\Debug\PSoC4_printf.a(tinyprintf_printf.o)
                0x00000b64                tfp_printf
 .text.putcp    0x00000b98       0x24 .\CortexM0\ARM_GCC_441\Debug\PSoC4_printf.a(tinyprintf_printf.o)
 .text.tfp_sprintf
                0x00000bbc       0x38 .\CortexM0\ARM_GCC_441\Debug\PSoC4_printf.a(tinyprintf_printf.o)
                0x00000bbc                tfp_sprintf
 .text.CYMEMZERO
                0x00000bf4       0x20 .\CortexM0\ARM_GCC_441\Debug\PSoC4_printf.a(cyfitter_cfg.o)
 .text.AnalogSetDefault
                0x00000c14        0x8 .\CortexM0\ARM_GCC_441\Debug\PSoC4_printf.a(cyfitter_cfg.o)
 *fill*         0x00000c1c        0x4 00
 .text          0x00000c20       0x20 .\CortexM0\ARM_GCC_441\Debug\PSoC4_printf.a(CyBootAsmGnu.o)
                0x00000c20                CyDelayCycles
                0x00000c32                CyEnterCriticalSection
                0x00000c3a                CyExitCriticalSection
 .text.CyDelayUs
                0x00000c40       0x28 .\CortexM0\ARM_GCC_441\Debug\PSoC4_printf.a(CyLib.o)
                0x00000c40                CyDelayUs
 .text          0x00000c68       0x9c c:/program files/cypress/psoc creator/2.2/psoc creator/import/gnu_cs/arm/4.4.1/bin/../lib/gcc/arm-none-eabi/4.4.1/armv6-m\libgcc.a(_udivsi3.o)
                0x00000c68                __aeabi_uidiv
                0x00000c68                __udivsi3
                0x00000cf0                __aeabi_uidivmod
 .text          0x00000d04        0x4 c:/program files/cypress/psoc creator/2.2/psoc creator/import/gnu_cs/arm/4.4.1/bin/../lib/gcc/arm-none-eabi/4.4.1/armv6-m\libgcc.a(_dvmd_tls.o)
                0x00000d04                __aeabi_idiv0
                0x00000d04                __aeabi_ldiv0
 .text          0x00000d08       0x8c c:/program files/cypress/psoc creator/2.2/psoc creator/import/gnu_cs/arm/4.4.1/bin/../lib/gcc/arm-none-eabi/4.4.1/../../../../arm-none-eabi/lib/armv6-m\libc.a(lib_a-memset.o)
                0x00000d08                memset
 .text          0x00000d94       0x3c c:/program files/cypress/psoc creator/2.2/psoc creator/import/gnu_cs/arm/4.4.1/bin/../lib/gcc/arm-none-eabi/4.4.1/../../../../arm-none-eabi/lib/armv6-m\libcs3.a(start_c.o)
                0x00000d94                __cs3_premain
 .text          0x00000dd0        0x2 c:/program files/cypress/psoc creator/2.2/psoc creator/import/gnu_cs/arm/4.4.1/bin/../lib/gcc/arm-none-eabi/4.4.1/../../../../arm-none-eabi/lib/armv6-m\libcs3micro.a(micro_isr_interrupt.o)
                0x00000dd0                __cs3_isr_external_24
                0x00000dd0                __cs3_isr_external_9
                0x00000dd0                __cs3_isr_external_14
                0x00000dd0                __cs3_isr_reserved_9
                0x00000dd0                __cs3_isr_external_4
                0x00000dd0                __cs3_isr_external_21
                0x00000dd0                __cs3_isr_external_0
                0x00000dd0                __cs3_isr_external_27
                0x00000dd0                __cs3_isr_external_11
                0x00000dd0                __cs3_isr_usage_fault
                0x00000dd0                __cs3_isr_svcall
                0x00000dd0                __cs3_isr_external_3
                0x00000dd0                __cs3_isr_mpu_fault
                0x00000dd0                __cs3_isr_external_16
                0x00000dd0                __cs3_isr_pendsv
                0x00000dd0                __cs3_isr_external_31
                0x00000dd0                __cs3_isr_nmi
                0x00000dd0                __cs3_isr_external_5
                0x00000dd0                __cs3_isr_external_6
                0x00000dd0                __cs3_isr_external_12
                0x00000dd0                __cs3_isr_hard_fault
                0x00000dd0                __cs3_isr_bus_fault
                0x00000dd0                __cs3_isr_external_1
                0x00000dd0                __cs3_isr_external_13
                0x00000dd0                __cs3_isr_external_30
                0x00000dd0                __cs3_isr_external_23
                0x00000dd0                __cs3_isr_external_20
                0x00000dd0                __cs3_isr_debug
                0x00000dd0                __cs3_isr_reserved_13
                0x00000dd0                __cs3_isr_external_8
                0x00000dd0                __cs3_isr_external_26
                0x00000dd0                __cs3_isr_reserved_8
                0x00000dd0                __cs3_isr_reserved_7
                0x00000dd0                __cs3_isr_external_7
                0x00000dd0                __cs3_isr_external_28
                0x00000dd0                __cs3_isr_systick
                0x00000dd0                __cs3_isr_external_22
                0x00000dd0                __cs3_isr_external_10
                0x00000dd0                __cs3_isr_external_15
                0x00000dd0                __cs3_isr_interrupt
                0x00000dd0                __cs3_isr_external_18
                0x00000dd0                __cs3_isr_external_29
                0x00000dd0                __cs3_isr_external_25
                0x00000dd0                __cs3_isr_reserved_10
                0x00000dd0                __cs3_isr_external_2
                0x00000dd0                __cs3_isr_external_17
                0x00000dd0                __cs3_isr_external_19
 *fill*         0x00000dd2        0x2 00
 .text          0x00000dd4       0x48 c:/program files/cypress/psoc creator/2.2/psoc creator/import/gnu_cs/arm/4.4.1/bin/../lib/gcc/arm-none-eabi/4.4.1/../../../../arm-none-eabi/lib/armv6-m\libc.a(lib_a-init.o)
                0x00000dd4                __libc_init_array
 *(.plt)
 *(.gnu.warning)
 *(.glue_7t)
 .glue_7t       0x00000000        0x0 linker stubs
 *(.glue_7)
 .glue_7        0x00000000        0x0 linker stubs
 *(.vfp11_veneer)
 .vfp11_veneer  0x00000000        0x0 linker stubs
 *(.bootloader)
 *(.ARM.extab* .gnu.linkonce.armextab.*)
 *(.gcc_except_table)

.v4_bx          0x00000e1c        0x0
 .v4_bx         0x00000000        0x0 linker stubs

.eh_frame_hdr
 *(.eh_frame_hdr)

.eh_frame
 *(.eh_frame)
                0x00000e1c                PROVIDE (__exidx_start, .)

.ARM.exidx
 *(.ARM.exidx* .gnu.linkonce.armexidx.*)
                0x00000e1c                __exidx_end = .

.rodata         0x00000e1c      0x114
 *(.rodata .rodata.* .gnu.linkonce.r.*)
 .rodata        0x00000e1c       0xc8 .\CortexM0\ARM_GCC_441\Debug\main.o
 .rodata        0x00000ee4       0x10 .\CortexM0\ARM_GCC_441\Debug\PSoC4_printf.a(cyfitter_cfg.o)
                0x00000ef4                . = ALIGN (0x4)
 *(.init)
 .init          0x00000ef4        0x4 c:/program files/cypress/psoc creator/2.2/psoc creator/import/gnu_cs/arm/4.4.1/bin/../lib/gcc/arm-none-eabi/4.4.1/armv6-m/crti.o
                0x00000ef4                _init
 .init          0x00000ef8        0x8 c:/program files/cypress/psoc creator/2.2/psoc creator/import/gnu_cs/arm/4.4.1/bin/../lib/gcc/arm-none-eabi/4.4.1/armv6-m/crtn.o
                0x00000f00                . = ALIGN (0x4)
                0x00000f00                __preinit_array_start = .
 *(.preinit_array)
                0x00000f00                __preinit_array_end = .
                0x00000f00                . = ALIGN (0x4)
                0x00000f00                __init_array_start = .
 *(SORT(.init_array.*))
 *(.init_array)
 .init_array    0x00000f00        0x4 c:/program files/cypress/psoc creator/2.2/psoc creator/import/gnu_cs/arm/4.4.1/bin/../lib/gcc/arm-none-eabi/4.4.1/armv6-m/crtbegin.o
 .init_array    0x00000f04        0x4 .\CortexM0\ARM_GCC_441\Debug\Cm0Start.o
                0x00000f08                __init_array_end = .
                0x00000f08                . = ALIGN (0x4)
 *(.fini)
 .fini          0x00000f08        0x4 c:/program files/cypress/psoc creator/2.2/psoc creator/import/gnu_cs/arm/4.4.1/bin/../lib/gcc/arm-none-eabi/4.4.1/armv6-m/crti.o
                0x00000f08                _fini
 .fini          0x00000f0c        0x8 c:/program files/cypress/psoc creator/2.2/psoc creator/import/gnu_cs/arm/4.4.1/bin/../lib/gcc/arm-none-eabi/4.4.1/armv6-m/crtn.o
                0x00000f14                . = ALIGN (0x4)
                0x00000f14                __fini_array_start = .
 *(.fini_array)
 .fini_array    0x00000f14        0x4 c:/program files/cypress/psoc creator/2.2/psoc creator/import/gnu_cs/arm/4.4.1/bin/../lib/gcc/arm-none-eabi/4.4.1/armv6-m/crtbegin.o
 *(SORT(.fini_array.*))
                0x00000f18                __fini_array_end = .
                0x00000f18                . = ALIGN (0x4)
 *crtbegin.o(.ctors)
 *(EXCLUDE_FILE(*crtend.o) .ctors)
 *(SORT(.ctors.*))
 *crtend.o(.ctors)
                0x00000f18                . = ALIGN (0x4)
 *crtbegin.o(.dtors)
 *(EXCLUDE_FILE(*crtend.o) .dtors)
 *(SORT(.dtors.*))
 *crtend.o(.dtors)
                0x00000f18                . = ALIGN (0x4)
                0x00000f18                __cs3_regions = .
                0x00000f18        0x4 LONG 0x0
                0x00000f1c        0x4 LONG 0xf30 __cs3_region_init_ram
                0x00000f20        0x4 LONG 0x200000c8 __cs3_region_start_data
                0x00000f24        0x4 LONG 0x18 __cs3_region_init_size_ram
                0x00000f28        0x4 LONG 0x18 __cs3_region_zero_size_ram
                0x00000f2c                __cs3_regions_end = .
                0x00000f30                . = ALIGN (0x8)
 *fill*         0x00000f2c        0x4 00
                0x00000f30                _etext = .

.ramvectors     0x20000000       0xc0
                0x20000000                __cs3_region_start_ram = .
 *(.cs3.region-head.ram)
                0x20000001                ASSERT ((. == __cs3_region_start_ram), .cs3.region-head.ram not permitted)
 *(.ramvectors)
 .ramvectors    0x20000000       0xc0 .\CortexM0\ARM_GCC_441\Debug\Cm0Start.o
                0x20000000                CyRamVectors

.noinit         0x200000c0        0x4
 *(.noinit)
 .noinit        0x200000c0        0x4 .\CortexM0\ARM_GCC_441\Debug\Cm0Start.o

.data           0x200000c8       0x18 load address 0x00000f30
                0x200000c8                __cs3_region_start_data = .
 *(.jcr)
 .jcr           0x200000c8        0x0 c:/program files/cypress/psoc creator/2.2/psoc creator/import/gnu_cs/arm/4.4.1/bin/../lib/gcc/arm-none-eabi/4.4.1/armv6-m/crtbegin.o
 .jcr           0x200000c8        0x4 c:/program files/cypress/psoc creator/2.2/psoc creator/import/gnu_cs/arm/4.4.1/bin/../lib/gcc/arm-none-eabi/4.4.1/armv6-m/crtend.o
 *(.got.plt)
 *(.got)
 *(.shdata)
 *(.data .data.* .gnu.linkonce.d.*)
 .data          0x200000cc        0x4 .\CortexM0\ARM_GCC_441\Debug\PSoC4_printf.a(cyfitter_cfg.o)
 .data          0x200000d0       0x10 .\CortexM0\ARM_GCC_441\Debug\PSoC4_printf.a(CyLib.o)
                0x200000d0                cydelayFreqHz
                0x200000d4                cydelayFreqKhz
                0x200000d8                cydelayFreqMhz
                0x200000dc                cydelay32kMs
                0x200000e0                . = ALIGN (0x8)
 *(.ram)
                0x200000e0                _edata = .

.bss            0x200000e0       0x18 load address 0x00000f48
 *(.shbss)
 *(.bss .bss.* .gnu.linkonce.b.*)
 .bss           0x200000e0        0x1 c:/program files/cypress/psoc creator/2.2/psoc creator/import/gnu_cs/arm/4.4.1/bin/../lib/gcc/arm-none-eabi/4.4.1/armv6-m/crtbegin.o
 *fill*         0x200000e1        0x3 00
 .bss           0x200000e4        0x8 .\CortexM0\ARM_GCC_441\Debug\PSoC4_printf.a(UART.o)
                0x200000e4                UART_initVar
                0x200000e8                UART_customIntrHandler
 .bss           0x200000ec        0x8 .\CortexM0\ARM_GCC_441\Debug\PSoC4_printf.a(tinyprintf_printf.o)
 *(COMMON)
                0x200000f8                . = ALIGN (0x8)
 *fill*         0x200000f4        0x4 00
 *(.ram.b)
                0x200000f8                _end = .
                0x200000f8                __end = .
                0x20000b00                __cs3_region_end_ram = (__cs3_region_start_ram + 0xb00)
                0x00000b00                __cs3_region_size_ram = 0xb00
                0x00000f30                __cs3_region_init_ram = LOADADDR (.data)
                0x00000018                __cs3_region_init_size_ram = (_edata - ADDR (.data))
                0x00000018                __cs3_region_zero_size_ram = (_end - _edata)

.stab
 *(.stab)

.stabstr
 *(.stabstr)

.debug
 *(.debug)

.line
 *(.line)

.debug_srcinfo
 *(.debug_srcinfo)

.debug_sfnames
 *(.debug_sfnames)

.comment        0x00000000      0x158
 .comment       0x00000000       0x2b .\CortexM0\ARM_GCC_441\Debug\main.o
 .comment       0x0000002b       0x2b .\CortexM0\ARM_GCC_441\Debug\Cm0Start.o
 .comment       0x00000056       0x2b .\CortexM0\ARM_GCC_441\Debug\PSoC4_printf.a(UART.o)
 .comment       0x00000081       0x2b .\CortexM0\ARM_GCC_441\Debug\PSoC4_printf.a(UART_SPI_UART.o)
 .comment       0x000000ac       0x2b .\CortexM0\ARM_GCC_441\Debug\PSoC4_printf.a(UART_UART.o)
 .comment       0x000000d7       0x2b .\CortexM0\ARM_GCC_441\Debug\PSoC4_printf.a(tinyprintf_printf.o)
 .comment       0x00000102       0x2b .\CortexM0\ARM_GCC_441\Debug\PSoC4_printf.a(cyfitter_cfg.o)
 .comment       0x0000012d       0x2b .\CortexM0\ARM_GCC_441\Debug\PSoC4_printf.a(CyLib.o)

.debug_aranges  0x00000000      0x3d0
 *(.debug_aranges)
 .debug_aranges
                0x00000000       0x28 .\CortexM0\ARM_GCC_441\Debug\main.o
 .debug_aranges
                0x00000028       0x30 .\CortexM0\ARM_GCC_441\Debug\Cm0Start.o
 .debug_aranges
                0x00000058       0x48 .\CortexM0\ARM_GCC_441\Debug\PSoC4_printf.a(UART.o)
 .debug_aranges
                0x000000a0       0x60 .\CortexM0\ARM_GCC_441\Debug\PSoC4_printf.a(UART_SPI_UART.o)
 .debug_aranges
                0x00000100       0x60 .\CortexM0\ARM_GCC_441\Debug\PSoC4_printf.a(UART_UART.o)
 .debug_aranges
                0x00000160       0x68 .\CortexM0\ARM_GCC_441\Debug\PSoC4_printf.a(tinyprintf_printf.o)
 .debug_aranges
                0x000001c8       0x50 .\CortexM0\ARM_GCC_441\Debug\PSoC4_printf.a(cyfitter_cfg.o)
 .debug_aranges
                0x00000218       0x20 .\CortexM0\ARM_GCC_441\Debug\PSoC4_printf.a(CyBootAsmGnu.o)
 .debug_aranges
                0x00000238      0x198 .\CortexM0\ARM_GCC_441\Debug\PSoC4_printf.a(CyLib.o)

.debug_pubnames
                0x00000000      0x809
 *(.debug_pubnames)
 .debug_pubnames
                0x00000000       0x27 .\CortexM0\ARM_GCC_441\Debug\main.o
 .debug_pubnames
                0x00000027       0x66 .\CortexM0\ARM_GCC_441\Debug\Cm0Start.o
 .debug_pubnames
                0x0000008d       0x9c .\CortexM0\ARM_GCC_441\Debug\PSoC4_printf.a(UART.o)
 .debug_pubnames
                0x00000129      0x118 .\CortexM0\ARM_GCC_441\Debug\PSoC4_printf.a(UART_SPI_UART.o)
 .debug_pubnames
                0x00000241       0xe5 .\CortexM0\ARM_GCC_441\Debug\PSoC4_printf.a(UART_UART.o)
 .debug_pubnames
                0x00000326       0x50 .\CortexM0\ARM_GCC_441\Debug\PSoC4_printf.a(tinyprintf_printf.o)
 .debug_pubnames
                0x00000376       0x23 .\CortexM0\ARM_GCC_441\Debug\PSoC4_printf.a(cyfitter_cfg.o)
 .debug_pubnames
                0x00000399      0x470 .\CortexM0\ARM_GCC_441\Debug\PSoC4_printf.a(CyLib.o)

.debug_info     0x00000000     0x1a99
 *(.debug_info .gnu.linkonce.wi.*)
 .debug_info    0x00000000      0x14b .\CortexM0\ARM_GCC_441\Debug\main.o
 .debug_info    0x0000014b      0x150 .\CortexM0\ARM_GCC_441\Debug\Cm0Start.o
 .debug_info    0x0000029b      0x15a .\CortexM0\ARM_GCC_441\Debug\PSoC4_printf.a(UART.o)
 .debug_info    0x000003f5      0x220 .\CortexM0\ARM_GCC_441\Debug\PSoC4_printf.a(UART_SPI_UART.o)
 .debug_info    0x00000615      0x239 .\CortexM0\ARM_GCC_441\Debug\PSoC4_printf.a(UART_UART.o)
 .debug_info    0x0000084e      0x425 .\CortexM0\ARM_GCC_441\Debug\PSoC4_printf.a(tinyprintf_printf.o)
 .debug_info    0x00000c73      0x346 .\CortexM0\ARM_GCC_441\Debug\PSoC4_printf.a(cyfitter_cfg.o)
 .debug_info    0x00000fb9       0xca .\CortexM0\ARM_GCC_441\Debug\PSoC4_printf.a(CyBootAsmGnu.o)
 .debug_info    0x00001083      0xa16 .\CortexM0\ARM_GCC_441\Debug\PSoC4_printf.a(CyLib.o)

.debug_abbrev   0x00000000      0x834
 *(.debug_abbrev)
 .debug_abbrev  0x00000000       0xc2 .\CortexM0\ARM_GCC_441\Debug\main.o
 .debug_abbrev  0x000000c2       0xcc .\CortexM0\ARM_GCC_441\Debug\Cm0Start.o
 .debug_abbrev  0x0000018e       0xb1 .\CortexM0\ARM_GCC_441\Debug\PSoC4_printf.a(UART.o)
 .debug_abbrev  0x0000023f      0x13e .\CortexM0\ARM_GCC_441\Debug\PSoC4_printf.a(UART_SPI_UART.o)
 .debug_abbrev  0x0000037d       0xca .\CortexM0\ARM_GCC_441\Debug\PSoC4_printf.a(UART_UART.o)
 .debug_abbrev  0x00000447      0x142 .\CortexM0\ARM_GCC_441\Debug\PSoC4_printf.a(tinyprintf_printf.o)
 .debug_abbrev  0x00000589      0x148 .\CortexM0\ARM_GCC_441\Debug\PSoC4_printf.a(cyfitter_cfg.o)
 .debug_abbrev  0x000006d1       0x14 .\CortexM0\ARM_GCC_441\Debug\PSoC4_printf.a(CyBootAsmGnu.o)
 .debug_abbrev  0x000006e5      0x14f .\CortexM0\ARM_GCC_441\Debug\PSoC4_printf.a(CyLib.o)

.debug_line     0x00000000      0xcc3
 *(.debug_line)
 .debug_line    0x00000000       0x9f .\CortexM0\ARM_GCC_441\Debug\main.o
 .debug_line    0x0000009f       0xaa .\CortexM0\ARM_GCC_441\Debug\Cm0Start.o
 .debug_line    0x00000149       0xda .\CortexM0\ARM_GCC_441\Debug\PSoC4_printf.a(UART.o)
 .debug_line    0x00000223      0x129 .\CortexM0\ARM_GCC_441\Debug\PSoC4_printf.a(UART_SPI_UART.o)
 .debug_line    0x0000034c      0x13b .\CortexM0\ARM_GCC_441\Debug\PSoC4_printf.a(UART_UART.o)
 .debug_line    0x00000487      0x1df .\CortexM0\ARM_GCC_441\Debug\PSoC4_printf.a(tinyprintf_printf.o)
 .debug_line    0x00000666      0x17f .\CortexM0\ARM_GCC_441\Debug\PSoC4_printf.a(cyfitter_cfg.o)
 .debug_line    0x000007e5       0x68 .\CortexM0\ARM_GCC_441\Debug\PSoC4_printf.a(CyBootAsmGnu.o)
 .debug_line    0x0000084d      0x476 .\CortexM0\ARM_GCC_441\Debug\PSoC4_printf.a(CyLib.o)

.debug_frame    0x00000000      0xcd8
 *(.debug_frame)
 .debug_frame   0x00000000       0x54 .\CortexM0\ARM_GCC_441\Debug\main.o
 .debug_frame   0x00000054       0x5c .\CortexM0\ARM_GCC_441\Debug\Cm0Start.o
 .debug_frame   0x000000b0       0xbc .\CortexM0\ARM_GCC_441\Debug\PSoC4_printf.a(UART.o)
 .debug_frame   0x0000016c      0x128 .\CortexM0\ARM_GCC_441\Debug\PSoC4_printf.a(UART_SPI_UART.o)
 .debug_frame   0x00000294      0x124 .\CortexM0\ARM_GCC_441\Debug\PSoC4_printf.a(UART_UART.o)
 .debug_frame   0x000003b8      0x15c .\CortexM0\ARM_GCC_441\Debug\PSoC4_printf.a(tinyprintf_printf.o)
 .debug_frame   0x00000514       0xe8 .\CortexM0\ARM_GCC_441\Debug\PSoC4_printf.a(cyfitter_cfg.o)
 .debug_frame   0x000005fc      0x5ec .\CortexM0\ARM_GCC_441\Debug\PSoC4_printf.a(CyLib.o)
 .debug_frame   0x00000be8       0x20 c:/program files/cypress/psoc creator/2.2/psoc creator/import/gnu_cs/arm/4.4.1/bin/../lib/gcc/arm-none-eabi/4.4.1/armv6-m\libgcc.a(_udivsi3.o)
 .debug_frame   0x00000c08       0x30 c:/program files/cypress/psoc creator/2.2/psoc creator/import/gnu_cs/arm/4.4.1/bin/../lib/gcc/arm-none-eabi/4.4.1/../../../../arm-none-eabi/lib/armv6-m\libc.a(lib_a-memcpy.o)
 .debug_frame   0x00000c38       0x2c c:/program files/cypress/psoc creator/2.2/psoc creator/import/gnu_cs/arm/4.4.1/bin/../lib/gcc/arm-none-eabi/4.4.1/../../../../arm-none-eabi/lib/armv6-m\libc.a(lib_a-memset.o)
 .debug_frame   0x00000c64       0x48 c:/program files/cypress/psoc creator/2.2/psoc creator/import/gnu_cs/arm/4.4.1/bin/../lib/gcc/arm-none-eabi/4.4.1/../../../../arm-none-eabi/lib/armv6-m\libcs3.a(start_c.o)
 .debug_frame   0x00000cac       0x2c c:/program files/cypress/psoc creator/2.2/psoc creator/import/gnu_cs/arm/4.4.1/bin/../lib/gcc/arm-none-eabi/4.4.1/../../../../arm-none-eabi/lib/armv6-m\libc.a(lib_a-init.o)

.debug_str      0x00000000      0xb74
 *(.debug_str)
 .debug_str     0x00000000      0x105 .\CortexM0\ARM_GCC_441\Debug\main.o
                                0x143 (size before relaxing)
 .debug_str     0x00000105       0x91 .\CortexM0\ARM_GCC_441\Debug\Cm0Start.o
                                0x1b2 (size before relaxing)
 .debug_str     0x00000196       0xa4 .\CortexM0\ARM_GCC_441\Debug\PSoC4_printf.a(UART.o)
                                0x1d2 (size before relaxing)
 .debug_str     0x0000023a      0x146 .\CortexM0\ARM_GCC_441\Debug\PSoC4_printf.a(UART_SPI_UART.o)
                                0x26e (size before relaxing)
 .debug_str     0x00000380      0x109 .\CortexM0\ARM_GCC_441\Debug\PSoC4_printf.a(UART_UART.o)
                                0x253 (size before relaxing)
 .debug_str     0x00000489       0xbf .\CortexM0\ARM_GCC_441\Debug\PSoC4_printf.a(tinyprintf_printf.o)
                                0x168 (size before relaxing)
 .debug_str     0x00000548      0x143 .\CortexM0\ARM_GCC_441\Debug\PSoC4_printf.a(cyfitter_cfg.o)
                                0x27e (size before relaxing)
 .debug_str     0x0000068b      0x4e9 .\CortexM0\ARM_GCC_441\Debug\PSoC4_printf.a(CyLib.o)
                                0x632 (size before relaxing)

.debug_loc      0x00000000     0x12f6
 *(.debug_loc)
 .debug_loc     0x00000000       0x70 .\CortexM0\ARM_GCC_441\Debug\main.o
 .debug_loc     0x00000070       0x62 .\CortexM0\ARM_GCC_441\Debug\Cm0Start.o
 .debug_loc     0x000000d2      0x10e .\CortexM0\ARM_GCC_441\Debug\PSoC4_printf.a(UART.o)
 .debug_loc     0x000001e0      0x1d7 .\CortexM0\ARM_GCC_441\Debug\PSoC4_printf.a(UART_SPI_UART.o)
 .debug_loc     0x000003b7      0x1cb .\CortexM0\ARM_GCC_441\Debug\PSoC4_printf.a(UART_UART.o)
 .debug_loc     0x00000582      0x23f .\CortexM0\ARM_GCC_441\Debug\PSoC4_printf.a(tinyprintf_printf.o)
 .debug_loc     0x000007c1      0x169 .\CortexM0\ARM_GCC_441\Debug\PSoC4_printf.a(cyfitter_cfg.o)
 .debug_loc     0x0000092a      0x9cc .\CortexM0\ARM_GCC_441\Debug\PSoC4_printf.a(CyLib.o)

.debug_macinfo
 *(.debug_macinfo)

.debug_ranges   0x00000000      0x388
 *(.debug_ranges)
 .debug_ranges  0x00000000       0x20 .\CortexM0\ARM_GCC_441\Debug\main.o
 .debug_ranges  0x00000020       0x28 .\CortexM0\ARM_GCC_441\Debug\Cm0Start.o
 .debug_ranges  0x00000048       0x40 .\CortexM0\ARM_GCC_441\Debug\PSoC4_printf.a(UART.o)
 .debug_ranges  0x00000088       0x58 .\CortexM0\ARM_GCC_441\Debug\PSoC4_printf.a(UART_SPI_UART.o)
 .debug_ranges  0x000000e0       0x58 .\CortexM0\ARM_GCC_441\Debug\PSoC4_printf.a(UART_UART.o)
 .debug_ranges  0x00000138       0x78 .\CortexM0\ARM_GCC_441\Debug\PSoC4_printf.a(tinyprintf_printf.o)
 .debug_ranges  0x000001b0       0x48 .\CortexM0\ARM_GCC_441\Debug\PSoC4_printf.a(cyfitter_cfg.o)
 .debug_ranges  0x000001f8      0x190 .\CortexM0\ARM_GCC_441\Debug\PSoC4_printf.a(CyLib.o)

.debug_weaknames
 *(.debug_weaknames)

.debug_funcnames
 *(.debug_funcnames)

.debug_typenames
 *(.debug_typenames)

.debug_varnames
 *(.debug_varnames)

.note.gnu.arm.ident
 *(.note.gnu.arm.ident)

.ARM.attributes
                0x00000000       0x29
 *(.ARM.attributes)
 .ARM.attributes
                0x00000000       0x1d c:/program files/cypress/psoc creator/2.2/psoc creator/import/gnu_cs/arm/4.4.1/bin/../lib/gcc/arm-none-eabi/4.4.1/armv6-m/crti.o
 .ARM.attributes
                0x0000001d       0x2d c:/program files/cypress/psoc creator/2.2/psoc creator/import/gnu_cs/arm/4.4.1/bin/../lib/gcc/arm-none-eabi/4.4.1/armv6-m/crtbegin.o
 .ARM.attributes
                0x0000004a       0x33 .\CortexM0\ARM_GCC_441\Debug\main.o
 .ARM.attributes
                0x0000007d       0x33 .\CortexM0\ARM_GCC_441\Debug\Cm0Start.o
 .ARM.attributes
                0x000000b0       0x33 .\CortexM0\ARM_GCC_441\Debug\PSoC4_printf.a(UART.o)
 .ARM.attributes
                0x000000e3       0x33 .\CortexM0\ARM_GCC_441\Debug\PSoC4_printf.a(UART_SPI_UART.o)
 .ARM.attributes
                0x00000116       0x33 .\CortexM0\ARM_GCC_441\Debug\PSoC4_printf.a(UART_UART.o)
 .ARM.attributes
                0x00000149       0x33 .\CortexM0\ARM_GCC_441\Debug\PSoC4_printf.a(tinyprintf_printf.o)
 .ARM.attributes
                0x0000017c       0x33 .\CortexM0\ARM_GCC_441\Debug\PSoC4_printf.a(cyfitter_cfg.o)
 .ARM.attributes
                0x000001af       0x23 .\CortexM0\ARM_GCC_441\Debug\PSoC4_printf.a(CyBootAsmGnu.o)
 .ARM.attributes
                0x000001d2       0x33 .\CortexM0\ARM_GCC_441\Debug\PSoC4_printf.a(CyLib.o)
 .ARM.attributes
                0x00000205       0x1f c:/program files/cypress/psoc creator/2.2/psoc creator/import/gnu_cs/arm/4.4.1/bin/../lib/gcc/arm-none-eabi/4.4.1/armv6-m\libgcc.a(_udivsi3.o)
 .ARM.attributes
                0x00000224       0x1f c:/program files/cypress/psoc creator/2.2/psoc creator/import/gnu_cs/arm/4.4.1/bin/../lib/gcc/arm-none-eabi/4.4.1/armv6-m\libgcc.a(_dvmd_tls.o)
 .ARM.attributes
                0x00000243       0x2d c:/program files/cypress/psoc creator/2.2/psoc creator/import/gnu_cs/arm/4.4.1/bin/../lib/gcc/arm-none-eabi/4.4.1/../../../../arm-none-eabi/lib/armv6-m\libc.a(lib_a-memcpy.o)
 .ARM.attributes
                0x00000270       0x2d c:/program files/cypress/psoc creator/2.2/psoc creator/import/gnu_cs/arm/4.4.1/bin/../lib/gcc/arm-none-eabi/4.4.1/../../../../arm-none-eabi/lib/armv6-m\libc.a(lib_a-memset.o)
 .ARM.attributes
                0x0000029d       0x2d c:/program files/cypress/psoc creator/2.2/psoc creator/import/gnu_cs/arm/4.4.1/bin/../lib/gcc/arm-none-eabi/4.4.1/armv6-m/crtend.o
 .ARM.attributes
                0x000002ca       0x1d c:/program files/cypress/psoc creator/2.2/psoc creator/import/gnu_cs/arm/4.4.1/bin/../lib/gcc/arm-none-eabi/4.4.1/armv6-m/crtn.o
 .ARM.attributes
                0x000002e7       0x2d c:/program files/cypress/psoc creator/2.2/psoc creator/import/gnu_cs/arm/4.4.1/bin/../lib/gcc/arm-none-eabi/4.4.1/../../../../arm-none-eabi/lib/armv6-m\libcs3.a(start_c.o)
 .ARM.attributes
                0x00000314       0x1d c:/program files/cypress/psoc creator/2.2/psoc creator/import/gnu_cs/arm/4.4.1/bin/../lib/gcc/arm-none-eabi/4.4.1/../../../../arm-none-eabi/lib/armv6-m\libcs3micro.a(micro_isr_interrupt.o)
 .ARM.attributes
                0x00000331       0x2d c:/program files/cypress/psoc creator/2.2/psoc creator/import/gnu_cs/arm/4.4.1/bin/../lib/gcc/arm-none-eabi/4.4.1/../../../../arm-none-eabi/lib/armv6-m\libc.a(lib_a-init.o)

/DISCARD/
 *(.note.GNU-stack)
OUTPUT(.\CortexM0\ARM_GCC_441\Debug\PSoC4_printf.elf elf32-littlearm)
